\BOOKMARK [0][-]{chapter.1}{\376\377\0001\0009\0000\0001\000:\000J\000a\000c\000o\000b\000u\000s\000\040\000H\000.\000\040\000v\000a\000n\000\040\000'\000t\000\040\000H\000o\000f\000f}{}% 1
\BOOKMARK [1][-]{section.1.1}{\376\377\000J\000a\000c\000o\000b\000u\000s\000\040\000H\000.\000\040\000v\000a\000n\000\040\000'\000t\000\040\000H\000o\000f\000f}{chapter.1}% 2
\BOOKMARK [0][-]{chapter.2}{\376\377\0001\0009\0000\0002\000:\000E\000m\000i\000l\000\040\000F\000i\000s\000c\000h\000e\000r}{}% 3
\BOOKMARK [1][-]{section.2.1}{\376\377\000E\000m\000i\000l\000\040\000F\000i\000s\000c\000h\000e\000r}{chapter.2}% 4
\BOOKMARK [0][-]{chapter.3}{\376\377\0001\0009\0000\0003\000:\000S\000v\000a\000n\000t\000e\000\040\000A\000r\000r\000h\000e\000n\000i\000u\000s}{}% 5
\BOOKMARK [1][-]{section.3.1}{\376\377\000S\000v\000a\000n\000t\000e\000\040\000A\000r\000r\000h\000e\000n\000i\000u\000s}{chapter.3}% 6
\BOOKMARK [0][-]{chapter.4}{\376\377\0001\0009\0000\0004\000:\000S\000i\000r\000\040\000W\000i\000l\000l\000i\000a\000m\000\040\000R\000a\000m\000s\000a\000y}{}% 7
\BOOKMARK [1][-]{section.4.1}{\376\377\000S\000i\000r\000\040\000W\000i\000l\000l\000i\000a\000m\000\040\000R\000a\000m\000s\000a\000y}{chapter.4}% 8
\BOOKMARK [0][-]{chapter.5}{\376\377\0001\0009\0000\0005\000:\000A\000d\000o\000l\000f\000\040\000v\000o\000n\000\040\000B\000a\000e\000y\000e\000r}{}% 9
\BOOKMARK [1][-]{section.5.1}{\376\377\000A\000d\000o\000l\000f\000\040\000v\000o\000n\000\040\000B\000a\000e\000y\000e\000r}{chapter.5}% 10
\BOOKMARK [0][-]{chapter.6}{\376\377\0001\0009\0000\0006\000:\000H\000e\000n\000r\000i\000\040\000M\000o\000i\000s\000s\000a\000n}{}% 11
\BOOKMARK [1][-]{section.6.1}{\376\377\000H\000e\000n\000r\000i\000\040\000M\000o\000i\000s\000s\000a\000n}{chapter.6}% 12
\BOOKMARK [0][-]{chapter.7}{\376\377\0001\0009\0000\0007\000:\000E\000d\000u\000a\000r\000d\000\040\000B\000u\000c\000h\000n\000e\000r}{}% 13
\BOOKMARK [1][-]{section.7.1}{\376\377\000E\000d\000u\000a\000r\000d\000\040\000B\000u\000c\000h\000n\000e\000r}{chapter.7}% 14
\BOOKMARK [0][-]{chapter.8}{\376\377\0001\0009\0000\0008\000:\000E\000r\000n\000e\000s\000t\000\040\000R\000u\000t\000h\000e\000r\000f\000o\000r\000d}{}% 15
\BOOKMARK [1][-]{section.8.1}{\376\377\000E\000r\000n\000e\000s\000t\000\040\000R\000u\000t\000h\000e\000r\000f\000o\000r\000d}{chapter.8}% 16
\BOOKMARK [0][-]{chapter.9}{\376\377\0001\0009\0000\0009\000:\000W\000i\000l\000h\000e\000l\000m\000\040\000O\000s\000t\000w\000a\000l\000d}{}% 17
\BOOKMARK [1][-]{section.9.1}{\376\377\000W\000i\000l\000h\000e\000l\000m\000\040\000O\000s\000t\000w\000a\000l\000d}{chapter.9}% 18
\BOOKMARK [0][-]{chapter.10}{\376\377\0001\0009\0001\0000\000:\000O\000t\000t\000o\000\040\000W\000a\000l\000l\000a\000c\000h}{}% 19
\BOOKMARK [1][-]{section.10.1}{\376\377\000O\000t\000t\000o\000\040\000W\000a\000l\000l\000a\000c\000h}{chapter.10}% 20
\BOOKMARK [0][-]{chapter.11}{\376\377\0001\0009\0001\0001\000:\000M\000a\000r\000i\000e\000\040\000C\000u\000r\000i\000e}{}% 21
\BOOKMARK [1][-]{section.11.1}{\376\377\000M\000a\000r\000i\000e\000\040\000C\000u\000r\000i\000e}{chapter.11}% 22
\BOOKMARK [0][-]{chapter.12}{\376\377\0001\0009\0001\0002\000:\000V\000i\000c\000t\000o\000r\000\040\000G\000r\000i\000g\000n\000a\000r\000d\000\040\000a\000n\000d\000\040\000P\000a\000u\000l\000\040\000S\000a\000b\000a\000t\000i\000e\000r}{}% 23
\BOOKMARK [1][-]{section.12.1}{\376\377\000V\000i\000c\000t\000o\000r\000\040\000G\000r\000i\000g\000n\000a\000r\000d}{chapter.12}% 24
\BOOKMARK [1][-]{section.12.2}{\376\377\000P\000a\000u\000l\000\040\000S\000a\000b\000a\000t\000i\000e\000r}{chapter.12}% 25
\BOOKMARK [0][-]{chapter.13}{\376\377\0001\0009\0001\0003\000:\000A\000l\000f\000r\000e\000d\000\040\000W\000e\000r\000n\000e\000r}{}% 26
\BOOKMARK [1][-]{section.13.1}{\376\377\000A\000l\000f\000r\000e\000d\000\040\000W\000e\000r\000n\000e\000r}{chapter.13}% 27
\BOOKMARK [0][-]{chapter.14}{\376\377\0001\0009\0001\0004\000:\000T\000h\000e\000o\000d\000o\000r\000e\000\040\000W\000.\000\040\000R\000i\000c\000h\000a\000r\000d\000s}{}% 28
\BOOKMARK [1][-]{section.14.1}{\376\377\000T\000h\000e\000o\000d\000o\000r\000e\000\040\000W\000.\000\040\000R\000i\000c\000h\000a\000r\000d\000s}{chapter.14}% 29
\BOOKMARK [0][-]{chapter.15}{\376\377\0001\0009\0001\0005\000:\000R\000i\000c\000h\000a\000r\000d\000\040\000W\000i\000l\000l\000s\000t\000\344\000t\000t\000e\000r}{}% 30
\BOOKMARK [1][-]{section.15.1}{\376\377\000R\000i\000c\000h\000a\000r\000d\000\040\000W\000i\000l\000l\000s\000t\000\344\000t\000t\000e\000r}{chapter.15}% 31
\BOOKMARK [0][-]{chapter.16}{\376\377\0001\0009\0001\0006\000:\000U\000n\000k\000n\000o\000w\000n}{}% 32
\BOOKMARK [0][-]{chapter.17}{\376\377\0001\0009\0001\0007\000:\000U\000n\000k\000n\000o\000w\000n}{}% 33
\BOOKMARK [0][-]{chapter.18}{\376\377\0001\0009\0001\0008\000:\000F\000r\000i\000t\000z\000\040\000H\000a\000b\000e\000r}{}% 34
\BOOKMARK [1][-]{section.18.1}{\376\377\000F\000r\000i\000t\000z\000\040\000H\000a\000b\000e\000r}{chapter.18}% 35
\BOOKMARK [0][-]{chapter.19}{\376\377\0001\0009\0001\0009\000:\000U\000n\000k\000n\000o\000w\000n}{}% 36
\BOOKMARK [0][-]{chapter.20}{\376\377\0001\0009\0002\0000\000:\000W\000a\000l\000t\000h\000e\000r\000\040\000N\000e\000r\000n\000s\000t}{}% 37
\BOOKMARK [1][-]{section.20.1}{\376\377\000W\000a\000l\000t\000h\000e\000r\000\040\000N\000e\000r\000n\000s\000t}{chapter.20}% 38
\BOOKMARK [0][-]{chapter.21}{\376\377\0001\0009\0002\0001\000:\000F\000r\000e\000d\000e\000r\000i\000c\000k\000\040\000S\000o\000d\000d\000y}{}% 39
\BOOKMARK [1][-]{section.21.1}{\376\377\000F\000r\000e\000d\000e\000r\000i\000c\000k\000\040\000S\000o\000d\000d\000y}{chapter.21}% 40
\BOOKMARK [0][-]{chapter.22}{\376\377\0001\0009\0002\0002\000:\000F\000r\000a\000n\000c\000i\000s\000\040\000W\000.\000\040\000A\000s\000t\000o\000n}{}% 41
\BOOKMARK [1][-]{section.22.1}{\376\377\000F\000r\000a\000n\000c\000i\000s\000\040\000W\000.\000\040\000A\000s\000t\000o\000n}{chapter.22}% 42
\BOOKMARK [0][-]{chapter.23}{\376\377\0001\0009\0002\0003\000:\000F\000r\000i\000t\000z\000\040\000P\000r\000e\000g\000l}{}% 43
\BOOKMARK [1][-]{section.23.1}{\376\377\000F\000r\000i\000t\000z\000\040\000P\000r\000e\000g\000l}{chapter.23}% 44
\BOOKMARK [0][-]{chapter.24}{\376\377\0001\0009\0002\0004\000:\000U\000n\000k\000n\000o\000w\000n}{}% 45
\BOOKMARK [0][-]{chapter.25}{\376\377\0001\0009\0002\0005\000:\000R\000i\000c\000h\000a\000r\000d\000\040\000Z\000s\000i\000g\000m\000o\000n\000d\000y}{}% 46
\BOOKMARK [1][-]{section.25.1}{\376\377\000R\000i\000c\000h\000a\000r\000d\000\040\000Z\000s\000i\000g\000m\000o\000n\000d\000y}{chapter.25}% 47
\BOOKMARK [0][-]{chapter.26}{\376\377\0001\0009\0002\0006\000:\000T\000h\000e\000\040\000S\000v\000e\000d\000b\000e\000r\000g}{}% 48
\BOOKMARK [1][-]{section.26.1}{\376\377\000T\000h\000e\000\040\000S\000v\000e\000d\000b\000e\000r\000g}{chapter.26}% 49
\BOOKMARK [0][-]{chapter.27}{\376\377\0001\0009\0002\0007\000:\000H\000e\000i\000n\000r\000i\000c\000h\000\040\000W\000i\000e\000l\000a\000n\000d}{}% 50
\BOOKMARK [1][-]{section.27.1}{\376\377\000H\000e\000i\000n\000r\000i\000c\000h\000\040\000W\000i\000e\000l\000a\000n\000d}{chapter.27}% 51
\BOOKMARK [0][-]{chapter.28}{\376\377\0001\0009\0002\0008\000:\000A\000d\000o\000l\000f\000\040\000W\000i\000n\000d\000a\000u\000s}{}% 52
\BOOKMARK [1][-]{section.28.1}{\376\377\000A\000d\000o\000l\000f\000\040\000W\000i\000n\000d\000a\000u\000s}{chapter.28}% 53
\BOOKMARK [0][-]{chapter.29}{\376\377\0001\0009\0002\0009\000:\000A\000r\000t\000h\000u\000r\000\040\000H\000a\000r\000d\000e\000n\000\040\000a\000n\000d\000\040\000H\000a\000n\000s\000\040\000v\000o\000n\000\040\000E\000u\000l\000e\000r\000-\000C\000h\000e\000l\000p\000i\000n}{}% 54
\BOOKMARK [1][-]{section.29.1}{\376\377\000A\000r\000t\000h\000u\000r\000\040\000H\000a\000r\000d\000e\000n}{chapter.29}% 55
\BOOKMARK [1][-]{section.29.2}{\376\377\000H\000a\000n\000s\000\040\000v\000o\000n\000\040\000E\000u\000l\000e\000r\000-\000C\000h\000e\000l\000p\000i\000n}{chapter.29}% 56
\BOOKMARK [0][-]{chapter.30}{\376\377\0001\0009\0003\0000\000:\000H\000a\000n\000s\000\040\000F\000i\000s\000c\000h\000e\000r}{}% 57
\BOOKMARK [1][-]{section.30.1}{\376\377\000H\000a\000n\000s\000\040\000F\000i\000s\000c\000h\000e\000r}{chapter.30}% 58
\BOOKMARK [0][-]{chapter.31}{\376\377\0001\0009\0003\0001\000:\000C\000a\000r\000l\000\040\000B\000o\000s\000c\000h\000\040\000a\000n\000d\000\040\000F\000r\000i\000e\000d\000r\000i\000c\000h\000\040\000B\000e\000r\000g\000i\000u\000s}{}% 59
\BOOKMARK [1][-]{section.31.1}{\376\377\000C\000a\000r\000l\000\040\000B\000o\000s\000c\000h}{chapter.31}% 60
\BOOKMARK [1][-]{section.31.2}{\376\377\000F\000r\000i\000e\000d\000r\000i\000c\000h\000\040\000B\000e\000r\000g\000i\000u\000s}{chapter.31}% 61
\BOOKMARK [0][-]{chapter.32}{\376\377\0001\0009\0003\0002\000:\000I\000r\000v\000i\000n\000g\000\040\000L\000a\000n\000g\000m\000u\000i\000r}{}% 62
\BOOKMARK [1][-]{section.32.1}{\376\377\000I\000r\000v\000i\000n\000g\000\040\000L\000a\000n\000g\000m\000u\000i\000r}{chapter.32}% 63
\BOOKMARK [0][-]{chapter.33}{\376\377\0001\0009\0003\0003\000:\000U\000n\000k\000n\000o\000w\000n}{}% 64
\BOOKMARK [0][-]{chapter.34}{\376\377\0001\0009\0003\0004\000:\000H\000a\000r\000o\000l\000d\000\040\000C\000.\000\040\000U\000r\000e\000y}{}% 65
\BOOKMARK [1][-]{section.34.1}{\376\377\000H\000a\000r\000o\000l\000d\000\040\000C\000.\000\040\000U\000r\000e\000y}{chapter.34}% 66
\BOOKMARK [0][-]{chapter.35}{\376\377\0001\0009\0003\0005\000:\000F\000r\000\351\000d\000\351\000r\000i\000c\000\040\000J\000o\000l\000i\000o\000t\000\040\000a\000n\000d\000\040\000I\000r\000\350\000n\000e\000\040\000J\000o\000l\000i\000o\000t\000-\000C\000u\000r\000i\000e}{}% 67
\BOOKMARK [1][-]{section.35.1}{\376\377\000F\000r\000\351\000d\000\351\000r\000i\000c\000\040\000J\000o\000l\000i\000o\000t}{chapter.35}% 68
\BOOKMARK [1][-]{section.35.2}{\376\377\000I\000r\000\350\000n\000e\000\040\000J\000o\000l\000i\000o\000t\000-\000C\000u\000r\000i\000e}{chapter.35}% 69
\BOOKMARK [0][-]{chapter.36}{\376\377\0001\0009\0003\0006\000:\000P\000e\000t\000e\000r\000\040\000D\000e\000b\000y\000e}{}% 70
\BOOKMARK [1][-]{section.36.1}{\376\377\000P\000e\000t\000e\000r\000\040\000D\000e\000b\000y\000e}{chapter.36}% 71
\BOOKMARK [0][-]{chapter.37}{\376\377\0001\0009\0003\0007\000:\000N\000o\000r\000m\000a\000n\000\040\000H\000a\000w\000o\000r\000t\000h\000\040\000a\000n\000d\000\040\000P\000a\000u\000l\000\040\000K\000a\000r\000r\000e\000r}{}% 72
\BOOKMARK [1][-]{section.37.1}{\376\377\000N\000o\000r\000m\000a\000n\000\040\000H\000a\000w\000o\000r\000t\000h}{chapter.37}% 73
\BOOKMARK [1][-]{section.37.2}{\376\377\000P\000a\000u\000l\000\040\000K\000a\000r\000r\000e\000r}{chapter.37}% 74
\BOOKMARK [0][-]{chapter.38}{\376\377\0001\0009\0003\0008\000:\000R\000i\000c\000h\000a\000r\000d\000\040\000K\000u\000h\000n}{}% 75
\BOOKMARK [1][-]{section.38.1}{\376\377\000R\000i\000c\000h\000a\000r\000d\000\040\000K\000u\000h\000n}{chapter.38}% 76
\BOOKMARK [0][-]{chapter.39}{\376\377\0001\0009\0003\0009\000:\000A\000d\000o\000l\000f\000\040\000B\000u\000t\000e\000n\000a\000n\000d\000t\000\040\000a\000n\000d\000\040\000L\000e\000o\000p\000o\000l\000d\000\040\000R\000u\000z\000i\000c\000k\000a}{}% 77
\BOOKMARK [1][-]{section.39.1}{\376\377\000A\000d\000o\000l\000f\000\040\000B\000u\000t\000e\000n\000a\000n\000d\000t}{chapter.39}% 78
\BOOKMARK [1][-]{section.39.2}{\376\377\000L\000e\000o\000p\000o\000l\000d\000\040\000R\000u\000z\000i\000c\000k\000a}{chapter.39}% 79
\BOOKMARK [0][-]{chapter.40}{\376\377\0001\0009\0004\0000\000:\000U\000n\000k\000n\000o\000w\000n}{}% 80
\BOOKMARK [0][-]{chapter.41}{\376\377\0001\0009\0004\0001\000:\000U\000n\000k\000n\000o\000w\000n}{}% 81
\BOOKMARK [0][-]{chapter.42}{\376\377\0001\0009\0004\0002\000:\000U\000n\000k\000n\000o\000w\000n}{}% 82
\BOOKMARK [0][-]{chapter.43}{\376\377\0001\0009\0004\0003\000:\000G\000e\000o\000r\000g\000e\000\040\000d\000e\000\040\000H\000e\000v\000e\000s\000y}{}% 83
\BOOKMARK [1][-]{section.43.1}{\376\377\000G\000e\000o\000r\000g\000e\000\040\000d\000e\000\040\000H\000e\000v\000e\000s\000y}{chapter.43}% 84
\BOOKMARK [0][-]{chapter.44}{\376\377\0001\0009\0004\0004\000:\000O\000t\000t\000o\000\040\000H\000a\000h\000n}{}% 85
\BOOKMARK [1][-]{section.44.1}{\376\377\000O\000t\000t\000o\000\040\000H\000a\000h\000n}{chapter.44}% 86
\BOOKMARK [0][-]{chapter.45}{\376\377\0001\0009\0004\0005\000:\000A\000r\000t\000t\000u\000r\000i\000\040\000V\000i\000r\000t\000a\000n\000e\000n}{}% 87
\BOOKMARK [1][-]{section.45.1}{\376\377\000A\000r\000t\000t\000u\000r\000i\000\040\000V\000i\000r\000t\000a\000n\000e\000n}{chapter.45}% 88
\BOOKMARK [0][-]{chapter.46}{\376\377\0001\0009\0004\0006\000:\000J\000a\000m\000e\000s\000\040\000B\000.\000\040\000S\000u\000m\000n\000e\000r\000\040\000a\000n\000d\000\040\000J\000o\000h\000n\000\040\000H\000.\000\040\000N\000o\000r\000t\000h\000r\000o\000p\000\040\000a\000n\000d\000\040\000W\000e\000n\000d\000e\000l\000l\000\040\000M\000.\000\040\000S\000t\000a\000n\000l\000e\000y}{}% 89
\BOOKMARK [1][-]{section.46.1}{\376\377\000J\000a\000m\000e\000s\000\040\000B\000.\000\040\000S\000u\000m\000n\000e\000r}{chapter.46}% 90
\BOOKMARK [1][-]{section.46.2}{\376\377\000J\000o\000h\000n\000\040\000H\000.\000\040\000N\000o\000r\000t\000h\000r\000o\000p}{chapter.46}% 91
\BOOKMARK [1][-]{section.46.3}{\376\377\000W\000e\000n\000d\000e\000l\000l\000\040\000M\000.\000\040\000S\000t\000a\000n\000l\000e\000y}{chapter.46}% 92
\BOOKMARK [0][-]{chapter.47}{\376\377\0001\0009\0004\0007\000:\000S\000i\000r\000\040\000R\000o\000b\000e\000r\000t\000\040\000R\000o\000b\000i\000n\000s\000o\000n}{}% 93
\BOOKMARK [1][-]{section.47.1}{\376\377\000S\000i\000r\000\040\000R\000o\000b\000e\000r\000t\000\040\000R\000o\000b\000i\000n\000s\000o\000n}{chapter.47}% 94
\BOOKMARK [0][-]{chapter.48}{\376\377\0001\0009\0004\0008\000:\000A\000r\000n\000e\000\040\000T\000i\000s\000e\000l\000i\000u\000s}{}% 95
\BOOKMARK [1][-]{section.48.1}{\376\377\000A\000r\000n\000e\000\040\000T\000i\000s\000e\000l\000i\000u\000s}{chapter.48}% 96
\BOOKMARK [0][-]{chapter.49}{\376\377\0001\0009\0004\0009\000:\000W\000i\000l\000l\000i\000a\000m\000\040\000F\000.\000\040\000G\000i\000a\000u\000q\000u\000e}{}% 97
\BOOKMARK [1][-]{section.49.1}{\376\377\000W\000i\000l\000l\000i\000a\000m\000\040\000F\000.\000\040\000G\000i\000a\000u\000q\000u\000e}{chapter.49}% 98
\BOOKMARK [0][-]{chapter.50}{\376\377\0001\0009\0005\0000\000:\000O\000t\000t\000o\000\040\000D\000i\000e\000l\000s\000\040\000a\000n\000d\000\040\000K\000u\000r\000t\000\040\000A\000l\000d\000e\000r}{}% 99
\BOOKMARK [1][-]{section.50.1}{\376\377\000O\000t\000t\000o\000\040\000D\000i\000e\000l\000s}{chapter.50}% 100
\BOOKMARK [1][-]{section.50.2}{\376\377\000K\000u\000r\000t\000\040\000A\000l\000d\000e\000r}{chapter.50}% 101
\BOOKMARK [0][-]{chapter.51}{\376\377\0001\0009\0005\0001\000:\000E\000d\000w\000i\000n\000\040\000M\000.\000\040\000M\000c\000M\000i\000l\000l\000a\000n\000\040\000a\000n\000d\000\040\000G\000l\000e\000n\000n\000\040\000T\000.\000\040\000S\000e\000a\000b\000o\000r\000g}{}% 102
\BOOKMARK [1][-]{section.51.1}{\376\377\000E\000d\000w\000i\000n\000\040\000M\000.\000\040\000M\000c\000M\000i\000l\000l\000a\000n}{chapter.51}% 103
\BOOKMARK [1][-]{section.51.2}{\376\377\000G\000l\000e\000n\000n\000\040\000T\000.\000\040\000S\000e\000a\000b\000o\000r\000g}{chapter.51}% 104
\BOOKMARK [0][-]{chapter.52}{\376\377\0001\0009\0005\0002\000:\000A\000r\000c\000h\000e\000r\000\040\000J\000.\000P\000.\000\040\000M\000a\000r\000t\000i\000n\000\040\000a\000n\000d\000\040\000R\000i\000c\000h\000a\000r\000d\000\040\000L\000.\000M\000.\000\040\000S\000y\000n\000g\000e}{}% 105
\BOOKMARK [1][-]{section.52.1}{\376\377\000A\000r\000c\000h\000e\000r\000\040\000J\000.\000P\000.\000\040\000M\000a\000r\000t\000i\000n}{chapter.52}% 106
\BOOKMARK [1][-]{section.52.2}{\376\377\000R\000i\000c\000h\000a\000r\000d\000\040\000L\000.\000M\000.\000\040\000S\000y\000n\000g\000e}{chapter.52}% 107
\BOOKMARK [0][-]{chapter.53}{\376\377\0001\0009\0005\0003\000:\000H\000e\000r\000m\000a\000n\000n\000\040\000S\000t\000a\000u\000d\000i\000n\000g\000e\000r}{}% 108
\BOOKMARK [1][-]{section.53.1}{\376\377\000H\000e\000r\000m\000a\000n\000n\000\040\000S\000t\000a\000u\000d\000i\000n\000g\000e\000r}{chapter.53}% 109
\BOOKMARK [0][-]{chapter.54}{\376\377\0001\0009\0005\0004\000:\000L\000i\000n\000u\000s\000\040\000P\000a\000u\000l\000i\000n\000g}{}% 110
\BOOKMARK [1][-]{section.54.1}{\376\377\000L\000i\000n\000u\000s\000\040\000P\000a\000u\000l\000i\000n\000g}{chapter.54}% 111
\BOOKMARK [0][-]{chapter.55}{\376\377\0001\0009\0005\0005\000:\000V\000i\000n\000c\000e\000n\000t\000\040\000d\000u\000\040\000V\000i\000g\000n\000e\000a\000u\000d}{}% 112
\BOOKMARK [1][-]{section.55.1}{\376\377\000V\000i\000n\000c\000e\000n\000t\000\040\000d\000u\000\040\000V\000i\000g\000n\000e\000a\000u\000d}{chapter.55}% 113
\BOOKMARK [0][-]{chapter.56}{\376\377\0001\0009\0005\0006\000:\000S\000i\000r\000\040\000C\000y\000r\000i\000l\000\040\000H\000i\000n\000s\000h\000e\000l\000w\000o\000o\000d\000\040\000a\000n\000d\000\040\000N\000i\000k\000o\000l\000a\000y\000\040\000S\000e\000m\000e\000n\000o\000v}{}% 114
\BOOKMARK [1][-]{section.56.1}{\376\377\000S\000i\000r\000\040\000C\000y\000r\000i\000l\000\040\000H\000i\000n\000s\000h\000e\000l\000w\000o\000o\000d}{chapter.56}% 115
\BOOKMARK [1][-]{section.56.2}{\376\377\000N\000i\000k\000o\000l\000a\000y\000\040\000S\000e\000m\000e\000n\000o\000v}{chapter.56}% 116
\BOOKMARK [0][-]{chapter.57}{\376\377\0001\0009\0005\0007\000:\000L\000o\000r\000d\000\040\000T\000o\000d\000d}{}% 117
\BOOKMARK [1][-]{section.57.1}{\376\377\000L\000o\000r\000d\000\040\000T\000o\000d\000d}{chapter.57}% 118
\BOOKMARK [0][-]{chapter.58}{\376\377\0001\0009\0005\0008\000:\000F\000r\000e\000d\000e\000r\000i\000c\000k\000\040\000S\000a\000n\000g\000e\000r}{}% 119
\BOOKMARK [1][-]{section.58.1}{\376\377\000F\000r\000e\000d\000e\000r\000i\000c\000k\000\040\000S\000a\000n\000g\000e\000r}{chapter.58}% 120
\BOOKMARK [0][-]{chapter.59}{\376\377\0001\0009\0005\0009\000:\000J\000a\000r\000o\000s\000l\000a\000v\000\040\000H\000e\000y\000r\000o\000v\000s\000k\000y}{}% 121
\BOOKMARK [1][-]{section.59.1}{\376\377\000J\000a\000r\000o\000s\000l\000a\000v\000\040\000H\000e\000y\000r\000o\000v\000s\000k\000y}{chapter.59}% 122
\BOOKMARK [0][-]{chapter.60}{\376\377\0001\0009\0006\0000\000:\000W\000i\000l\000l\000a\000r\000d\000\040\000F\000.\000\040\000L\000i\000b\000b\000y}{}% 123
\BOOKMARK [1][-]{section.60.1}{\376\377\000W\000i\000l\000l\000a\000r\000d\000\040\000F\000.\000\040\000L\000i\000b\000b\000y}{chapter.60}% 124
\BOOKMARK [0][-]{chapter.61}{\376\377\0001\0009\0006\0001\000:\000M\000e\000l\000v\000i\000n\000\040\000C\000a\000l\000v\000i\000n}{}% 125
\BOOKMARK [1][-]{section.61.1}{\376\377\000M\000e\000l\000v\000i\000n\000\040\000C\000a\000l\000v\000i\000n}{chapter.61}% 126
\BOOKMARK [0][-]{chapter.62}{\376\377\0001\0009\0006\0002\000:\000M\000a\000x\000\040\000F\000.\000\040\000P\000e\000r\000u\000t\000z\000\040\000a\000n\000d\000\040\000J\000o\000h\000n\000\040\000C\000.\000\040\000K\000e\000n\000d\000r\000e\000w}{}% 127
\BOOKMARK [1][-]{section.62.1}{\376\377\000M\000a\000x\000\040\000F\000.\000\040\000P\000e\000r\000u\000t\000z}{chapter.62}% 128
\BOOKMARK [1][-]{section.62.2}{\376\377\000J\000o\000h\000n\000\040\000C\000.\000\040\000K\000e\000n\000d\000r\000e\000w}{chapter.62}% 129
\BOOKMARK [0][-]{chapter.63}{\376\377\0001\0009\0006\0003\000:\000K\000a\000r\000l\000\040\000Z\000i\000e\000g\000l\000e\000r\000\040\000a\000n\000d\000\040\000G\000i\000u\000l\000i\000o\000\040\000N\000a\000t\000t\000a}{}% 130
\BOOKMARK [1][-]{section.63.1}{\376\377\000K\000a\000r\000l\000\040\000Z\000i\000e\000g\000l\000e\000r}{chapter.63}% 131
\BOOKMARK [1][-]{section.63.2}{\376\377\000G\000i\000u\000l\000i\000o\000\040\000N\000a\000t\000t\000a}{chapter.63}% 132
\BOOKMARK [0][-]{chapter.64}{\376\377\0001\0009\0006\0004\000:\000D\000o\000r\000o\000t\000h\000y\000\040\000C\000r\000o\000w\000f\000o\000o\000t\000\040\000H\000o\000d\000g\000k\000i\000n}{}% 133
\BOOKMARK [1][-]{section.64.1}{\376\377\000D\000o\000r\000o\000t\000h\000y\000\040\000C\000r\000o\000w\000f\000o\000o\000t\000\040\000H\000o\000d\000g\000k\000i\000n}{chapter.64}% 134
\BOOKMARK [0][-]{chapter.65}{\376\377\0001\0009\0006\0005\000:\000R\000o\000b\000e\000r\000t\000\040\000B\000.\000\040\000W\000o\000o\000d\000w\000a\000r\000d}{}% 135
\BOOKMARK [1][-]{section.65.1}{\376\377\000R\000o\000b\000e\000r\000t\000\040\000B\000.\000\040\000W\000o\000o\000d\000w\000a\000r\000d}{chapter.65}% 136
\BOOKMARK [0][-]{chapter.66}{\376\377\0001\0009\0006\0006\000:\000R\000o\000b\000e\000r\000t\000\040\000S\000.\000\040\000M\000u\000l\000l\000i\000k\000e\000n}{}% 137
\BOOKMARK [1][-]{section.66.1}{\376\377\000R\000o\000b\000e\000r\000t\000\040\000S\000.\000\040\000M\000u\000l\000l\000i\000k\000e\000n}{chapter.66}% 138
\BOOKMARK [0][-]{chapter.67}{\376\377\0001\0009\0006\0007\000:\000M\000a\000n\000f\000r\000e\000d\000\040\000E\000i\000g\000e\000n\000\040\000a\000n\000d\000\040\000R\000o\000n\000a\000l\000d\000\040\000G\000.\000W\000.\000\040\000N\000o\000r\000r\000i\000s\000h\000\040\000a\000n\000d\000\040\000G\000e\000o\000r\000g\000e\000\040\000P\000o\000r\000t\000e\000r}{}% 139
\BOOKMARK [1][-]{section.67.1}{\376\377\000M\000a\000n\000f\000r\000e\000d\000\040\000E\000i\000g\000e\000n}{chapter.67}% 140
\BOOKMARK [1][-]{section.67.2}{\376\377\000R\000o\000n\000a\000l\000d\000\040\000G\000.\000W\000.\000\040\000N\000o\000r\000r\000i\000s\000h}{chapter.67}% 141
\BOOKMARK [1][-]{section.67.3}{\376\377\000G\000e\000o\000r\000g\000e\000\040\000P\000o\000r\000t\000e\000r}{chapter.67}% 142
\BOOKMARK [0][-]{chapter.68}{\376\377\0001\0009\0006\0008\000:\000L\000a\000r\000s\000\040\000O\000n\000s\000a\000g\000e\000r}{}% 143
\BOOKMARK [1][-]{section.68.1}{\376\377\000L\000a\000r\000s\000\040\000O\000n\000s\000a\000g\000e\000r}{chapter.68}% 144
\BOOKMARK [0][-]{chapter.69}{\376\377\0001\0009\0006\0009\000:\000D\000e\000r\000e\000k\000\040\000B\000a\000r\000t\000o\000n\000\040\000a\000n\000d\000\040\000O\000d\000d\000\040\000H\000a\000s\000s\000e\000l}{}% 145
\BOOKMARK [1][-]{section.69.1}{\376\377\000D\000e\000r\000e\000k\000\040\000B\000a\000r\000t\000o\000n}{chapter.69}% 146
\BOOKMARK [1][-]{section.69.2}{\376\377\000O\000d\000d\000\040\000H\000a\000s\000s\000e\000l}{chapter.69}% 147
\BOOKMARK [0][-]{chapter.70}{\376\377\0001\0009\0007\0000\000:\000L\000u\000i\000s\000\040\000L\000e\000l\000o\000i\000r}{}% 148
\BOOKMARK [1][-]{section.70.1}{\376\377\000L\000u\000i\000s\000\040\000L\000e\000l\000o\000i\000r}{chapter.70}% 149
\BOOKMARK [0][-]{chapter.71}{\376\377\0001\0009\0007\0001\000:\000G\000e\000r\000h\000a\000r\000d\000\040\000H\000e\000r\000z\000b\000e\000r\000g}{}% 150
\BOOKMARK [1][-]{section.71.1}{\376\377\000G\000e\000r\000h\000a\000r\000d\000\040\000H\000e\000r\000z\000b\000e\000r\000g}{chapter.71}% 151
\BOOKMARK [0][-]{chapter.72}{\376\377\0001\0009\0007\0002\000:\000C\000h\000r\000i\000s\000t\000i\000a\000n\000\040\000A\000n\000f\000i\000n\000s\000e\000n\000\040\000a\000n\000d\000\040\000S\000t\000a\000n\000f\000o\000r\000d\000\040\000M\000o\000o\000r\000e\000\040\000a\000n\000d\000\040\000W\000i\000l\000l\000i\000a\000m\000\040\000H\000.\000\040\000S\000t\000e\000i\000n}{}% 152
\BOOKMARK [1][-]{section.72.1}{\376\377\000C\000h\000r\000i\000s\000t\000i\000a\000n\000\040\000A\000n\000f\000i\000n\000s\000e\000n}{chapter.72}% 153
\BOOKMARK [1][-]{section.72.2}{\376\377\000S\000t\000a\000n\000f\000o\000r\000d\000\040\000M\000o\000o\000r\000e}{chapter.72}% 154
\BOOKMARK [1][-]{section.72.3}{\376\377\000W\000i\000l\000l\000i\000a\000m\000\040\000H\000.\000\040\000S\000t\000e\000i\000n}{chapter.72}% 155
\BOOKMARK [0][-]{chapter.73}{\376\377\0001\0009\0007\0003\000:\000E\000r\000n\000s\000t\000\040\000O\000t\000t\000o\000\040\000F\000i\000s\000c\000h\000e\000r\000\040\000a\000n\000d\000\040\000G\000e\000o\000f\000f\000r\000e\000y\000\040\000W\000i\000l\000k\000i\000n\000s\000o\000n}{}% 156
\BOOKMARK [1][-]{section.73.1}{\376\377\000E\000r\000n\000s\000t\000\040\000O\000t\000t\000o\000\040\000F\000i\000s\000c\000h\000e\000r}{chapter.73}% 157
\BOOKMARK [1][-]{section.73.2}{\376\377\000G\000e\000o\000f\000f\000r\000e\000y\000\040\000W\000i\000l\000k\000i\000n\000s\000o\000n}{chapter.73}% 158
\BOOKMARK [0][-]{chapter.74}{\376\377\0001\0009\0007\0004\000:\000P\000a\000u\000l\000\040\000J\000.\000\040\000F\000l\000o\000r\000y}{}% 159
\BOOKMARK [1][-]{section.74.1}{\376\377\000P\000a\000u\000l\000\040\000J\000.\000\040\000F\000l\000o\000r\000y}{chapter.74}% 160
\BOOKMARK [0][-]{chapter.75}{\376\377\0001\0009\0007\0005\000:\000J\000o\000h\000n\000\040\000C\000o\000r\000n\000f\000o\000r\000t\000h\000\040\000a\000n\000d\000\040\000V\000l\000a\000d\000i\000m\000i\000r\000\040\000P\000r\000e\000l\000o\000g}{}% 161
\BOOKMARK [1][-]{section.75.1}{\376\377\000J\000o\000h\000n\000\040\000C\000o\000r\000n\000f\000o\000r\000t\000h}{chapter.75}% 162
\BOOKMARK [1][-]{section.75.2}{\376\377\000V\000l\000a\000d\000i\000m\000i\000r\000\040\000P\000r\000e\000l\000o\000g}{chapter.75}% 163
\BOOKMARK [0][-]{chapter.76}{\376\377\0001\0009\0007\0006\000:\000W\000i\000l\000l\000i\000a\000m\000\040\000L\000i\000p\000s\000c\000o\000m\000b}{}% 164
\BOOKMARK [1][-]{section.76.1}{\376\377\000W\000i\000l\000l\000i\000a\000m\000\040\000L\000i\000p\000s\000c\000o\000m\000b}{chapter.76}% 165
\BOOKMARK [0][-]{chapter.77}{\376\377\0001\0009\0007\0007\000:\000I\000l\000y\000a\000\040\000P\000r\000i\000g\000o\000g\000i\000n\000e}{}% 166
\BOOKMARK [1][-]{section.77.1}{\376\377\000I\000l\000y\000a\000\040\000P\000r\000i\000g\000o\000g\000i\000n\000e}{chapter.77}% 167
\BOOKMARK [0][-]{chapter.78}{\376\377\0001\0009\0007\0008\000:\000P\000e\000t\000e\000r\000\040\000M\000i\000t\000c\000h\000e\000l\000l}{}% 168
\BOOKMARK [1][-]{section.78.1}{\376\377\000P\000e\000t\000e\000r\000\040\000M\000i\000t\000c\000h\000e\000l\000l}{chapter.78}% 169
\BOOKMARK [0][-]{chapter.79}{\376\377\0001\0009\0007\0009\000:\000H\000e\000r\000b\000e\000r\000t\000\040\000C\000.\000\040\000B\000r\000o\000w\000n\000\040\000a\000n\000d\000\040\000G\000e\000o\000r\000g\000\040\000W\000i\000t\000t\000i\000g}{}% 170
\BOOKMARK [1][-]{section.79.1}{\376\377\000H\000e\000r\000b\000e\000r\000t\000\040\000C\000.\000\040\000B\000r\000o\000w\000n}{chapter.79}% 171
\BOOKMARK [1][-]{section.79.2}{\376\377\000G\000e\000o\000r\000g\000\040\000W\000i\000t\000t\000i\000g}{chapter.79}% 172
\BOOKMARK [0][-]{chapter.80}{\376\377\0001\0009\0008\0000\000:\000P\000a\000u\000l\000\040\000B\000e\000r\000g\000\040\000a\000n\000d\000\040\000W\000a\000l\000t\000e\000r\000\040\000G\000i\000l\000b\000e\000r\000t\000\040\000a\000n\000d\000\040\000F\000r\000e\000d\000e\000r\000i\000c\000k\000\040\000S\000a\000n\000g\000e\000r}{}% 173
\BOOKMARK [1][-]{section.80.1}{\376\377\000P\000a\000u\000l\000\040\000B\000e\000r\000g}{chapter.80}% 174
\BOOKMARK [1][-]{section.80.2}{\376\377\000W\000a\000l\000t\000e\000r\000\040\000G\000i\000l\000b\000e\000r\000t}{chapter.80}% 175
\BOOKMARK [1][-]{section.80.3}{\376\377\000F\000r\000e\000d\000e\000r\000i\000c\000k\000\040\000S\000a\000n\000g\000e\000r}{chapter.80}% 176
\BOOKMARK [0][-]{chapter.81}{\376\377\0001\0009\0008\0001\000:\000K\000e\000n\000i\000c\000h\000i\000\040\000F\000u\000k\000u\000i\000\040\000a\000n\000d\000\040\000R\000o\000a\000l\000d\000\040\000H\000o\000f\000f\000m\000a\000n\000n}{}% 177
\BOOKMARK [1][-]{section.81.1}{\376\377\000K\000e\000n\000i\000c\000h\000i\000\040\000F\000u\000k\000u\000i}{chapter.81}% 178
\BOOKMARK [1][-]{section.81.2}{\376\377\000R\000o\000a\000l\000d\000\040\000H\000o\000f\000f\000m\000a\000n\000n}{chapter.81}% 179
\BOOKMARK [0][-]{chapter.82}{\376\377\0001\0009\0008\0002\000:\000A\000a\000r\000o\000n\000\040\000K\000l\000u\000g}{}% 180
\BOOKMARK [1][-]{section.82.1}{\376\377\000A\000a\000r\000o\000n\000\040\000K\000l\000u\000g}{chapter.82}% 181
\BOOKMARK [0][-]{chapter.83}{\376\377\0001\0009\0008\0003\000:\000H\000e\000n\000r\000y\000\040\000T\000a\000u\000b\000e}{}% 182
\BOOKMARK [1][-]{section.83.1}{\376\377\000H\000e\000n\000r\000y\000\040\000T\000a\000u\000b\000e}{chapter.83}% 183
\BOOKMARK [0][-]{chapter.84}{\376\377\0001\0009\0008\0004\000:\000B\000r\000u\000c\000e\000\040\000M\000e\000r\000r\000i\000f\000i\000e\000l\000d}{}% 184
\BOOKMARK [1][-]{section.84.1}{\376\377\000B\000r\000u\000c\000e\000\040\000M\000e\000r\000r\000i\000f\000i\000e\000l\000d}{chapter.84}% 185
\BOOKMARK [0][-]{chapter.85}{\376\377\0001\0009\0008\0005\000:\000H\000e\000r\000b\000e\000r\000t\000\040\000A\000.\000\040\000H\000a\000u\000p\000t\000m\000a\000n\000\040\000a\000n\000d\000\040\000J\000e\000r\000o\000m\000e\000\040\000K\000a\000r\000l\000e}{}% 186
\BOOKMARK [1][-]{section.85.1}{\376\377\000H\000e\000r\000b\000e\000r\000t\000\040\000A\000.\000\040\000H\000a\000u\000p\000t\000m\000a\000n}{chapter.85}% 187
\BOOKMARK [1][-]{section.85.2}{\376\377\000J\000e\000r\000o\000m\000e\000\040\000K\000a\000r\000l\000e}{chapter.85}% 188
\BOOKMARK [0][-]{chapter.86}{\376\377\0001\0009\0008\0006\000:\000D\000u\000d\000l\000e\000y\000\040\000R\000.\000\040\000H\000e\000r\000s\000c\000h\000b\000a\000c\000h\000\040\000a\000n\000d\000\040\000Y\000u\000a\000n\000\040\000T\000.\000\040\000L\000e\000e\000\040\000a\000n\000d\000\040\000J\000o\000h\000n\000\040\000C\000.\000\040\000P\000o\000l\000a\000n\000y\000i}{}% 189
\BOOKMARK [1][-]{section.86.1}{\376\377\000D\000u\000d\000l\000e\000y\000\040\000R\000.\000\040\000H\000e\000r\000s\000c\000h\000b\000a\000c\000h}{chapter.86}% 190
\BOOKMARK [1][-]{section.86.2}{\376\377\000Y\000u\000a\000n\000\040\000T\000.\000\040\000L\000e\000e}{chapter.86}% 191
\BOOKMARK [1][-]{section.86.3}{\376\377\000J\000o\000h\000n\000\040\000C\000.\000\040\000P\000o\000l\000a\000n\000y\000i}{chapter.86}% 192
\BOOKMARK [0][-]{chapter.87}{\376\377\0001\0009\0008\0007\000:\000D\000o\000n\000a\000l\000d\000\040\000J\000.\000\040\000C\000r\000a\000m\000\040\000a\000n\000d\000\040\000J\000e\000a\000n\000-\000M\000a\000r\000i\000e\000\040\000L\000e\000h\000n\000\040\000a\000n\000d\000\040\000C\000h\000a\000r\000l\000e\000s\000\040\000J\000.\000\040\000P\000e\000d\000e\000r\000s\000e\000n}{}% 193
\BOOKMARK [1][-]{section.87.1}{\376\377\000D\000o\000n\000a\000l\000d\000\040\000J\000.\000\040\000C\000r\000a\000m}{chapter.87}% 194
\BOOKMARK [1][-]{section.87.2}{\376\377\000J\000e\000a\000n\000-\000M\000a\000r\000i\000e\000\040\000L\000e\000h\000n}{chapter.87}% 195
\BOOKMARK [1][-]{section.87.3}{\376\377\000C\000h\000a\000r\000l\000e\000s\000\040\000J\000.\000\040\000P\000e\000d\000e\000r\000s\000e\000n}{chapter.87}% 196
\BOOKMARK [0][-]{chapter.88}{\376\377\0001\0009\0008\0008\000:\000J\000o\000h\000a\000n\000n\000\040\000D\000e\000i\000s\000e\000n\000h\000o\000f\000e\000r\000\040\000a\000n\000d\000\040\000R\000o\000b\000e\000r\000t\000\040\000H\000u\000b\000e\000r\000\040\000a\000n\000d\000\040\000H\000a\000r\000t\000m\000u\000t\000\040\000M\000i\000c\000h\000e\000l}{}% 197
\BOOKMARK [1][-]{section.88.1}{\376\377\000J\000o\000h\000a\000n\000n\000\040\000D\000e\000i\000s\000e\000n\000h\000o\000f\000e\000r}{chapter.88}% 198
\BOOKMARK [1][-]{section.88.2}{\376\377\000R\000o\000b\000e\000r\000t\000\040\000H\000u\000b\000e\000r}{chapter.88}% 199
\BOOKMARK [1][-]{section.88.3}{\376\377\000H\000a\000r\000t\000m\000u\000t\000\040\000M\000i\000c\000h\000e\000l}{chapter.88}% 200
\BOOKMARK [0][-]{chapter.89}{\376\377\0001\0009\0008\0009\000:\000S\000i\000d\000n\000e\000y\000\040\000A\000l\000t\000m\000a\000n\000\040\000a\000n\000d\000\040\000T\000h\000o\000m\000a\000s\000\040\000R\000.\000\040\000C\000e\000c\000h}{}% 201
\BOOKMARK [1][-]{section.89.1}{\376\377\000S\000i\000d\000n\000e\000y\000\040\000A\000l\000t\000m\000a\000n}{chapter.89}% 202
\BOOKMARK [1][-]{section.89.2}{\376\377\000T\000h\000o\000m\000a\000s\000\040\000R\000.\000\040\000C\000e\000c\000h}{chapter.89}% 203
\BOOKMARK [0][-]{chapter.90}{\376\377\0001\0009\0009\0000\000:\000E\000l\000i\000a\000s\000\040\000J\000a\000m\000e\000s\000\040\000C\000o\000r\000e\000y}{}% 204
\BOOKMARK [1][-]{section.90.1}{\376\377\000E\000l\000i\000a\000s\000\040\000J\000a\000m\000e\000s\000\040\000C\000o\000r\000e\000y}{chapter.90}% 205
\BOOKMARK [0][-]{chapter.91}{\376\377\0001\0009\0009\0001\000:\000R\000i\000c\000h\000a\000r\000d\000\040\000R\000.\000\040\000E\000r\000n\000s\000t}{}% 206
\BOOKMARK [1][-]{section.91.1}{\376\377\000R\000i\000c\000h\000a\000r\000d\000\040\000R\000.\000\040\000E\000r\000n\000s\000t}{chapter.91}% 207
\BOOKMARK [0][-]{chapter.92}{\376\377\0001\0009\0009\0002\000:\000R\000u\000d\000o\000l\000p\000h\000\040\000A\000.\000\040\000M\000a\000r\000c\000u\000s}{}% 208
\BOOKMARK [1][-]{section.92.1}{\376\377\000R\000u\000d\000o\000l\000p\000h\000\040\000A\000.\000\040\000M\000a\000r\000c\000u\000s}{chapter.92}% 209
\BOOKMARK [0][-]{chapter.93}{\376\377\0001\0009\0009\0003\000:\000K\000a\000r\000y\000\040\000B\000.\000\040\000M\000u\000l\000l\000i\000s\000\040\000a\000n\000d\000\040\000M\000i\000c\000h\000a\000e\000l\000\040\000S\000m\000i\000t\000h}{}% 210
\BOOKMARK [1][-]{section.93.1}{\376\377\000K\000a\000r\000y\000\040\000B\000.\000\040\000M\000u\000l\000l\000i\000s}{chapter.93}% 211
\BOOKMARK [1][-]{section.93.2}{\376\377\000M\000i\000c\000h\000a\000e\000l\000\040\000S\000m\000i\000t\000h}{chapter.93}% 212
\BOOKMARK [0][-]{chapter.94}{\376\377\0001\0009\0009\0004\000:\000G\000e\000o\000r\000g\000e\000\040\000A\000.\000\040\000O\000l\000a\000h}{}% 213
\BOOKMARK [1][-]{section.94.1}{\376\377\000G\000e\000o\000r\000g\000e\000\040\000A\000.\000\040\000O\000l\000a\000h}{chapter.94}% 214
\BOOKMARK [0][-]{chapter.95}{\376\377\0001\0009\0009\0005\000:\000P\000a\000u\000l\000\040\000J\000.\000\040\000C\000r\000u\000t\000z\000e\000n\000\040\000a\000n\000d\000\040\000M\000a\000r\000i\000o\000\040\000J\000.\000\040\000M\000o\000l\000i\000n\000a\000\040\000a\000n\000d\000\040\000F\000.\000\040\000S\000h\000e\000r\000w\000o\000o\000d\000\040\000R\000o\000w\000l\000a\000n\000d}{}% 215
\BOOKMARK [1][-]{section.95.1}{\376\377\000P\000a\000u\000l\000\040\000J\000.\000\040\000C\000r\000u\000t\000z\000e\000n}{chapter.95}% 216
\BOOKMARK [1][-]{section.95.2}{\376\377\000M\000a\000r\000i\000o\000\040\000J\000.\000\040\000M\000o\000l\000i\000n\000a}{chapter.95}% 217
\BOOKMARK [1][-]{section.95.3}{\376\377\000F\000.\000\040\000S\000h\000e\000r\000w\000o\000o\000d\000\040\000R\000o\000w\000l\000a\000n\000d}{chapter.95}% 218
\BOOKMARK [0][-]{chapter.96}{\376\377\0001\0009\0009\0006\000:\000R\000o\000b\000e\000r\000t\000\040\000F\000.\000\040\000C\000u\000r\000l\000\040\000J\000r\000.\000\040\000a\000n\000d\000\040\000S\000i\000r\000\040\000H\000a\000r\000o\000l\000d\000\040\000K\000r\000o\000t\000o\000\040\000a\000n\000d\000\040\000R\000i\000c\000h\000a\000r\000d\000\040\000E\000.\000\040\000S\000m\000a\000l\000l\000e\000y}{}% 219
\BOOKMARK [1][-]{section.96.1}{\376\377\000R\000o\000b\000e\000r\000t\000\040\000F\000.\000\040\000C\000u\000r\000l\000\040\000J\000r\000.}{chapter.96}% 220
\BOOKMARK [1][-]{section.96.2}{\376\377\000S\000i\000r\000\040\000H\000a\000r\000o\000l\000d\000\040\000K\000r\000o\000t\000o}{chapter.96}% 221
\BOOKMARK [1][-]{section.96.3}{\376\377\000R\000i\000c\000h\000a\000r\000d\000\040\000E\000.\000\040\000S\000m\000a\000l\000l\000e\000y}{chapter.96}% 222
\BOOKMARK [0][-]{chapter.97}{\376\377\0001\0009\0009\0007\000:\000P\000a\000u\000l\000\040\000D\000.\000\040\000B\000o\000y\000e\000r\000\040\000a\000n\000d\000\040\000J\000o\000h\000n\000\040\000E\000.\000\040\000W\000a\000l\000k\000e\000r\000\040\000a\000n\000d\000\040\000J\000e\000n\000s\000\040\000C\000.\000\040\000S\000k\000o\000u}{}% 223
\BOOKMARK [1][-]{section.97.1}{\376\377\000P\000a\000u\000l\000\040\000D\000.\000\040\000B\000o\000y\000e\000r}{chapter.97}% 224
\BOOKMARK [1][-]{section.97.2}{\376\377\000J\000o\000h\000n\000\040\000E\000.\000\040\000W\000a\000l\000k\000e\000r}{chapter.97}% 225
\BOOKMARK [1][-]{section.97.3}{\376\377\000J\000e\000n\000s\000\040\000C\000.\000\040\000S\000k\000o\000u}{chapter.97}% 226
\BOOKMARK [0][-]{chapter.98}{\376\377\0001\0009\0009\0008\000:\000W\000a\000l\000t\000e\000r\000\040\000K\000o\000h\000n\000\040\000a\000n\000d\000\040\000J\000o\000h\000n\000\040\000P\000o\000p\000l\000e}{}% 227
\BOOKMARK [1][-]{section.98.1}{\376\377\000W\000a\000l\000t\000e\000r\000\040\000K\000o\000h\000n}{chapter.98}% 228
\BOOKMARK [1][-]{section.98.2}{\376\377\000J\000o\000h\000n\000\040\000P\000o\000p\000l\000e}{chapter.98}% 229
\BOOKMARK [0][-]{chapter.99}{\376\377\0001\0009\0009\0009\000:\000A\000h\000m\000e\000d\000\040\000Z\000e\000w\000a\000i\000l}{}% 230
\BOOKMARK [1][-]{section.99.1}{\376\377\000A\000h\000m\000e\000d\000\040\000Z\000e\000w\000a\000i\000l}{chapter.99}% 231
\BOOKMARK [0][-]{chapter.100}{\376\377\0002\0000\0000\0000\000:\000A\000l\000a\000n\000\040\000H\000e\000e\000g\000e\000r\000\040\000a\000n\000d\000\040\000A\000l\000a\000n\000\040\000M\000a\000c\000D\000i\000a\000r\000m\000i\000d\000\040\000a\000n\000d\000\040\000H\000i\000d\000e\000k\000i\000\040\000S\000h\000i\000r\000a\000k\000a\000w\000a}{}% 232
\BOOKMARK [1][-]{section.100.1}{\376\377\000A\000l\000a\000n\000\040\000H\000e\000e\000g\000e\000r}{chapter.100}% 233
\BOOKMARK [1][-]{section.100.2}{\376\377\000A\000l\000a\000n\000\040\000M\000a\000c\000D\000i\000a\000r\000m\000i\000d}{chapter.100}% 234
\BOOKMARK [1][-]{section.100.3}{\376\377\000H\000i\000d\000e\000k\000i\000\040\000S\000h\000i\000r\000a\000k\000a\000w\000a}{chapter.100}% 235
\BOOKMARK [0][-]{chapter.101}{\376\377\0002\0000\0000\0001\000:\000W\000i\000l\000l\000i\000a\000m\000\040\000K\000n\000o\000w\000l\000e\000s\000\040\000a\000n\000d\000\040\000R\000y\000o\000j\000i\000\040\000N\000o\000y\000o\000r\000i\000\040\000a\000n\000d\000\040\000K\000.\000\040\000B\000a\000r\000r\000y\000\040\000S\000h\000a\000r\000p\000l\000e\000s\000s}{}% 236
\BOOKMARK [1][-]{section.101.1}{\376\377\000W\000i\000l\000l\000i\000a\000m\000\040\000K\000n\000o\000w\000l\000e\000s}{chapter.101}% 237
\BOOKMARK [1][-]{section.101.2}{\376\377\000R\000y\000o\000j\000i\000\040\000N\000o\000y\000o\000r\000i}{chapter.101}% 238
\BOOKMARK [1][-]{section.101.3}{\376\377\000K\000.\000\040\000B\000a\000r\000r\000y\000\040\000S\000h\000a\000r\000p\000l\000e\000s\000s}{chapter.101}% 239
\BOOKMARK [0][-]{chapter.102}{\376\377\0002\0000\0000\0002\000:\000J\000o\000h\000n\000\040\000B\000.\000\040\000F\000e\000n\000n\000\040\000a\000n\000d\000\040\000K\000o\000i\000c\000h\000i\000\040\000T\000a\000n\000a\000k\000a\000\040\000a\000n\000d\000\040\000K\000u\000r\000t\000\040\000W\000\374\000t\000h\000r\000i\000c\000h}{}% 240
\BOOKMARK [1][-]{section.102.1}{\376\377\000J\000o\000h\000n\000\040\000B\000.\000\040\000F\000e\000n\000n}{chapter.102}% 241
\BOOKMARK [1][-]{section.102.2}{\376\377\000K\000o\000i\000c\000h\000i\000\040\000T\000a\000n\000a\000k\000a}{chapter.102}% 242
\BOOKMARK [1][-]{section.102.3}{\376\377\000K\000u\000r\000t\000\040\000W\000\374\000t\000h\000r\000i\000c\000h}{chapter.102}% 243
\BOOKMARK [0][-]{chapter.103}{\376\377\0002\0000\0000\0003\000:\000P\000e\000t\000e\000r\000\040\000A\000g\000r\000e\000\040\000a\000n\000d\000\040\000R\000o\000d\000e\000r\000i\000c\000k\000\040\000M\000a\000c\000K\000i\000n\000n\000o\000n}{}% 244
\BOOKMARK [1][-]{section.103.1}{\376\377\000P\000e\000t\000e\000r\000\040\000A\000g\000r\000e}{chapter.103}% 245
\BOOKMARK [1][-]{section.103.2}{\376\377\000R\000o\000d\000e\000r\000i\000c\000k\000\040\000M\000a\000c\000K\000i\000n\000n\000o\000n}{chapter.103}% 246
\BOOKMARK [0][-]{chapter.104}{\376\377\0002\0000\0000\0004\000:\000A\000a\000r\000o\000n\000\040\000C\000i\000e\000c\000h\000a\000n\000o\000v\000e\000r\000\040\000a\000n\000d\000\040\000A\000v\000r\000a\000m\000\040\000H\000e\000r\000s\000h\000k\000o\000\040\000a\000n\000d\000\040\000I\000r\000w\000i\000n\000\040\000R\000o\000s\000e}{}% 247
\BOOKMARK [1][-]{section.104.1}{\376\377\000A\000a\000r\000o\000n\000\040\000C\000i\000e\000c\000h\000a\000n\000o\000v\000e\000r}{chapter.104}% 248
\BOOKMARK [1][-]{section.104.2}{\376\377\000A\000v\000r\000a\000m\000\040\000H\000e\000r\000s\000h\000k\000o}{chapter.104}% 249
\BOOKMARK [1][-]{section.104.3}{\376\377\000I\000r\000w\000i\000n\000\040\000R\000o\000s\000e}{chapter.104}% 250
\BOOKMARK [0][-]{chapter.105}{\376\377\0002\0000\0000\0005\000:\000Y\000v\000e\000s\000\040\000C\000h\000a\000u\000v\000i\000n\000\040\000a\000n\000d\000\040\000R\000o\000b\000e\000r\000t\000\040\000H\000.\000\040\000G\000r\000u\000b\000b\000s\000\040\000a\000n\000d\000\040\000R\000i\000c\000h\000a\000r\000d\000\040\000R\000.\000\040\000S\000c\000h\000r\000o\000c\000k}{}% 251
\BOOKMARK [1][-]{section.105.1}{\376\377\000Y\000v\000e\000s\000\040\000C\000h\000a\000u\000v\000i\000n}{chapter.105}% 252
\BOOKMARK [1][-]{section.105.2}{\376\377\000R\000o\000b\000e\000r\000t\000\040\000H\000.\000\040\000G\000r\000u\000b\000b\000s}{chapter.105}% 253
\BOOKMARK [1][-]{section.105.3}{\376\377\000R\000i\000c\000h\000a\000r\000d\000\040\000R\000.\000\040\000S\000c\000h\000r\000o\000c\000k}{chapter.105}% 254
\BOOKMARK [0][-]{chapter.106}{\376\377\0002\0000\0000\0006\000:\000R\000o\000g\000e\000r\000\040\000D\000.\000\040\000K\000o\000r\000n\000b\000e\000r\000g}{}% 255
\BOOKMARK [1][-]{section.106.1}{\376\377\000R\000o\000g\000e\000r\000\040\000D\000.\000\040\000K\000o\000r\000n\000b\000e\000r\000g}{chapter.106}% 256
\BOOKMARK [0][-]{chapter.107}{\376\377\0002\0000\0000\0007\000:\000G\000e\000r\000h\000a\000r\000d\000\040\000E\000r\000t\000l}{}% 257
\BOOKMARK [1][-]{section.107.1}{\376\377\000G\000e\000r\000h\000a\000r\000d\000\040\000E\000r\000t\000l}{chapter.107}% 258
\BOOKMARK [0][-]{chapter.108}{\376\377\0002\0000\0000\0008\000:\000O\000s\000a\000m\000u\000\040\000S\000h\000i\000m\000o\000m\000u\000r\000a\000\040\000a\000n\000d\000\040\000M\000a\000r\000t\000i\000n\000\040\000C\000h\000a\000l\000f\000i\000e\000\040\000a\000n\000d\000\040\000R\000o\000g\000e\000r\000\040\000Y\000.\000\040\000T\000s\000i\000e\000n}{}% 259
\BOOKMARK [1][-]{section.108.1}{\376\377\000O\000s\000a\000m\000u\000\040\000S\000h\000i\000m\000o\000m\000u\000r\000a}{chapter.108}% 260
\BOOKMARK [1][-]{section.108.2}{\376\377\000M\000a\000r\000t\000i\000n\000\040\000C\000h\000a\000l\000f\000i\000e}{chapter.108}% 261
\BOOKMARK [1][-]{section.108.3}{\376\377\000R\000o\000g\000e\000r\000\040\000Y\000.\000\040\000T\000s\000i\000e\000n}{chapter.108}% 262
\BOOKMARK [0][-]{chapter.109}{\376\377\0002\0000\0000\0009\000:\000V\000e\000n\000k\000a\000t\000r\000a\000m\000a\000n\000\040\000R\000a\000m\000a\000k\000r\000i\000s\000h\000n\000a\000n\000\040\000a\000n\000d\000\040\000T\000h\000o\000m\000a\000s\000\040\000A\000.\000\040\000S\000t\000e\000i\000t\000z\000\040\000a\000n\000d\000\040\000A\000d\000a\000\040\000E\000.\000\040\000Y\000o\000n\000a\000t\000h}{}% 263
\BOOKMARK [1][-]{section.109.1}{\376\377\000V\000e\000n\000k\000a\000t\000r\000a\000m\000a\000n\000\040\000R\000a\000m\000a\000k\000r\000i\000s\000h\000n\000a\000n}{chapter.109}% 264
\BOOKMARK [1][-]{section.109.2}{\376\377\000T\000h\000o\000m\000a\000s\000\040\000A\000.\000\040\000S\000t\000e\000i\000t\000z}{chapter.109}% 265
\BOOKMARK [1][-]{section.109.3}{\376\377\000A\000d\000a\000\040\000E\000.\000\040\000Y\000o\000n\000a\000t\000h}{chapter.109}% 266
\BOOKMARK [0][-]{chapter.110}{\376\377\0002\0000\0001\0000\000:\000R\000i\000c\000h\000a\000r\000d\000\040\000F\000.\000\040\000H\000e\000c\000k\000\040\000a\000n\000d\000\040\000E\000i\000-\000i\000c\000h\000i\000\040\000N\000e\000g\000i\000s\000h\000i\000\040\000a\000n\000d\000\040\000A\000k\000i\000r\000a\000\040\000S\000u\000z\000u\000k\000i}{}% 267
\BOOKMARK [1][-]{section.110.1}{\376\377\000R\000i\000c\000h\000a\000r\000d\000\040\000F\000.\000\040\000H\000e\000c\000k}{chapter.110}% 268
\BOOKMARK [1][-]{section.110.2}{\376\377\000E\000i\000-\000i\000c\000h\000i\000\040\000N\000e\000g\000i\000s\000h\000i}{chapter.110}% 269
\BOOKMARK [1][-]{section.110.3}{\376\377\000A\000k\000i\000r\000a\000\040\000S\000u\000z\000u\000k\000i}{chapter.110}% 270
\BOOKMARK [0][-]{chapter.111}{\376\377\0002\0000\0001\0001\000:\000D\000a\000n\000\040\000S\000h\000e\000c\000h\000t\000m\000a\000n}{}% 271
\BOOKMARK [1][-]{section.111.1}{\376\377\000D\000a\000n\000\040\000S\000h\000e\000c\000h\000t\000m\000a\000n}{chapter.111}% 272
\BOOKMARK [0][-]{chapter.112}{\376\377\0002\0000\0001\0002\000:\000R\000o\000b\000e\000r\000t\000\040\000J\000.\000\040\000L\000e\000f\000k\000o\000w\000i\000t\000z\000\040\000a\000n\000d\000\040\000B\000r\000i\000a\000n\000\040\000K\000o\000b\000i\000l\000k\000a}{}% 273
\BOOKMARK [1][-]{section.112.1}{\376\377\000R\000o\000b\000e\000r\000t\000\040\000J\000.\000\040\000L\000e\000f\000k\000o\000w\000i\000t\000z}{chapter.112}% 274
\BOOKMARK [1][-]{section.112.2}{\376\377\000B\000r\000i\000a\000n\000\040\000K\000o\000b\000i\000l\000k\000a}{chapter.112}% 275
\BOOKMARK [0][-]{chapter.113}{\376\377\0002\0000\0001\0003\000:\000M\000a\000r\000t\000i\000n\000\040\000K\000a\000r\000p\000l\000u\000s\000\040\000a\000n\000d\000\040\000M\000i\000c\000h\000a\000e\000l\000\040\000L\000e\000v\000i\000t\000t\000\040\000a\000n\000d\000\040\000A\000r\000i\000e\000h\000\040\000W\000a\000r\000s\000h\000e\000l}{}% 276
\BOOKMARK [1][-]{section.113.1}{\376\377\000M\000a\000r\000t\000i\000n\000\040\000K\000a\000r\000p\000l\000u\000s}{chapter.113}% 277
\BOOKMARK [1][-]{section.113.2}{\376\377\000M\000i\000c\000h\000a\000e\000l\000\040\000L\000e\000v\000i\000t\000t}{chapter.113}% 278
\BOOKMARK [1][-]{section.113.3}{\376\377\000A\000r\000i\000e\000h\000\040\000W\000a\000r\000s\000h\000e\000l}{chapter.113}% 279
\BOOKMARK [0][-]{chapter.114}{\376\377\0002\0000\0001\0004\000:\000E\000r\000i\000c\000\040\000B\000e\000t\000z\000i\000g\000\040\000a\000n\000d\000\040\000S\000t\000e\000f\000a\000n\000\040\000W\000.\000\040\000H\000e\000l\000l\000\040\000a\000n\000d\000\040\000W\000i\000l\000l\000i\000a\000m\000\040\000E\000.\000\040\000M\000o\000e\000r\000n\000e\000r}{}% 280
\BOOKMARK [1][-]{section.114.1}{\376\377\000E\000r\000i\000c\000\040\000B\000e\000t\000z\000i\000g}{chapter.114}% 281
\BOOKMARK [1][-]{section.114.2}{\376\377\000S\000t\000e\000f\000a\000n\000\040\000W\000.\000\040\000H\000e\000l\000l}{chapter.114}% 282
\BOOKMARK [1][-]{section.114.3}{\376\377\000W\000i\000l\000l\000i\000a\000m\000\040\000E\000.\000\040\000M\000o\000e\000r\000n\000e\000r}{chapter.114}% 283
\BOOKMARK [0][-]{chapter.115}{\376\377\0002\0000\0001\0005\000:\000T\000o\000m\000a\000s\000\040\000L\000i\000n\000d\000a\000h\000l\000\040\000a\000n\000d\000\040\000P\000a\000u\000l\000\040\000M\000o\000d\000r\000i\000c\000h\000\040\000a\000n\000d\000\040\000A\000z\000i\000z\000\040\000S\000a\000n\000c\000a\000r}{}% 284
\BOOKMARK [1][-]{section.115.1}{\376\377\000T\000o\000m\000a\000s\000\040\000L\000i\000n\000d\000a\000h\000l}{chapter.115}% 285
\BOOKMARK [1][-]{section.115.2}{\376\377\000P\000a\000u\000l\000\040\000M\000o\000d\000r\000i\000c\000h}{chapter.115}% 286
\BOOKMARK [1][-]{section.115.3}{\376\377\000A\000z\000i\000z\000\040\000S\000a\000n\000c\000a\000r}{chapter.115}% 287
\BOOKMARK [0][-]{chapter.116}{\376\377\0002\0000\0001\0006\000:\000J\000e\000a\000n\000-\000P\000i\000e\000r\000r\000e\000\040\000S\000a\000u\000v\000a\000g\000e\000\040\000a\000n\000d\000\040\000S\000i\000r\000\040\000J\000.\000\040\000F\000r\000a\000s\000e\000r\000\040\000S\000t\000o\000d\000d\000a\000r\000t\000\040\000a\000n\000d\000\040\000B\000e\000r\000n\000a\000r\000d\000\040\000L\000.\000\040\000F\000e\000r\000i\000n\000g\000a}{}% 288
\BOOKMARK [1][-]{section.116.1}{\376\377\000J\000e\000a\000n\000-\000P\000i\000e\000r\000r\000e\000\040\000S\000a\000u\000v\000a\000g\000e}{chapter.116}% 289
\BOOKMARK [1][-]{section.116.2}{\376\377\000S\000i\000r\000\040\000J\000.\000\040\000F\000r\000a\000s\000e\000r\000\040\000S\000t\000o\000d\000d\000a\000r\000t}{chapter.116}% 290
\BOOKMARK [1][-]{section.116.3}{\376\377\000B\000e\000r\000n\000a\000r\000d\000\040\000L\000.\000\040\000F\000e\000r\000i\000n\000g\000a}{chapter.116}% 291
\BOOKMARK [0][-]{chapter.117}{\376\377\0002\0000\0001\0007\000:\000J\000a\000c\000q\000u\000e\000s\000\040\000D\000u\000b\000o\000c\000h\000e\000t\000\040\000a\000n\000d\000\040\000J\000o\000a\000c\000h\000i\000m\000\040\000F\000r\000a\000n\000k\000\040\000a\000n\000d\000\040\000R\000i\000c\000h\000a\000r\000d\000\040\000H\000e\000n\000d\000e\000r\000s\000o\000n}{}% 292
\BOOKMARK [1][-]{section.117.1}{\376\377\000J\000a\000c\000q\000u\000e\000s\000\040\000D\000u\000b\000o\000c\000h\000e\000t}{chapter.117}% 293
\BOOKMARK [1][-]{section.117.2}{\376\377\000J\000o\000a\000c\000h\000i\000m\000\040\000F\000r\000a\000n\000k}{chapter.117}% 294
\BOOKMARK [1][-]{section.117.3}{\376\377\000R\000i\000c\000h\000a\000r\000d\000\040\000H\000e\000n\000d\000e\000r\000s\000o\000n}{chapter.117}% 295
\BOOKMARK [0][-]{chapter.118}{\376\377\0002\0000\0001\0008\000:\000F\000r\000a\000n\000c\000e\000s\000\040\000H\000.\000\040\000A\000r\000n\000o\000l\000d\000\040\000a\000n\000d\000\040\000G\000e\000o\000r\000g\000e\000\040\000P\000.\000\040\000S\000m\000i\000t\000h\000\040\000a\000n\000d\000\040\000S\000i\000r\000\040\000G\000r\000e\000g\000o\000r\000y\000\040\000P\000.\000\040\000W\000i\000n\000t\000e\000r}{}% 296
\BOOKMARK [1][-]{section.118.1}{\376\377\000F\000r\000a\000n\000c\000e\000s\000\040\000H\000.\000\040\000A\000r\000n\000o\000l\000d}{chapter.118}% 297
\BOOKMARK [1][-]{section.118.2}{\376\377\000G\000e\000o\000r\000g\000e\000\040\000P\000.\000\040\000S\000m\000i\000t\000h}{chapter.118}% 298
\BOOKMARK [1][-]{section.118.3}{\376\377\000S\000i\000r\000\040\000G\000r\000e\000g\000o\000r\000y\000\040\000P\000.\000\040\000W\000i\000n\000t\000e\000r}{chapter.118}% 299
\BOOKMARK [0][-]{chapter.119}{\376\377\0002\0000\0001\0009\000:\000J\000o\000h\000n\000\040\000B\000.\000\040\000G\000o\000o\000d\000e\000n\000o\000u\000g\000h\000\040\000a\000n\000d\000\040\000M\000.\000\040\000S\000t\000a\000n\000l\000e\000y\000\040\000W\000h\000i\000t\000t\000i\000n\000g\000h\000a\000m\000\040\000a\000n\000d\000\040\000A\000k\000i\000r\000a\000\040\000Y\000o\000s\000h\000i\000n\000o}{}% 300
\BOOKMARK [1][-]{section.119.1}{\376\377\000J\000o\000h\000n\000\040\000B\000.\000\040\000G\000o\000o\000d\000e\000n\000o\000u\000g\000h}{chapter.119}% 301
\BOOKMARK [1][-]{section.119.2}{\376\377\000M\000.\000\040\000S\000t\000a\000n\000l\000e\000y\000\040\000W\000h\000i\000t\000t\000i\000n\000g\000h\000a\000m}{chapter.119}% 302
\BOOKMARK [1][-]{section.119.3}{\376\377\000A\000k\000i\000r\000a\000\040\000Y\000o\000s\000h\000i\000n\000o}{chapter.119}% 303
\BOOKMARK [0][-]{chapter.120}{\376\377\0002\0000\0002\0000\000:\000E\000m\000m\000a\000n\000u\000e\000l\000l\000e\000\040\000C\000h\000a\000r\000p\000e\000n\000t\000i\000e\000r\000\040\000a\000n\000d\000\040\000J\000e\000n\000n\000i\000f\000e\000r\000\040\000A\000.\000\040\000D\000o\000u\000d\000n\000a}{}% 304
\BOOKMARK [1][-]{section.120.1}{\376\377\000E\000m\000m\000a\000n\000u\000e\000l\000l\000e\000\040\000C\000h\000a\000r\000p\000e\000n\000t\000i\000e\000r}{chapter.120}% 305
\BOOKMARK [1][-]{section.120.2}{\376\377\000J\000e\000n\000n\000i\000f\000e\000r\000\040\000A\000.\000\040\000D\000o\000u\000d\000n\000a}{chapter.120}% 306
\BOOKMARK [0][-]{chapter.121}{\376\377\0002\0000\0002\0001\000:\000B\000e\000n\000j\000a\000m\000i\000n\000\040\000L\000i\000s\000t\000\040\000a\000n\000d\000\040\000D\000a\000v\000i\000d\000\040\000W\000.\000C\000.\000\040\000M\000a\000c\000M\000i\000l\000l\000a\000n}{}% 307
\BOOKMARK [1][-]{section.121.1}{\376\377\000B\000e\000n\000j\000a\000m\000i\000n\000\040\000L\000i\000s\000t}{chapter.121}% 308
\BOOKMARK [1][-]{section.121.2}{\376\377\000D\000a\000v\000i\000d\000\040\000W\000.\000C\000.\000\040\000M\000a\000c\000M\000i\000l\000l\000a\000n}{chapter.121}% 309
\BOOKMARK [0][-]{chapter.122}{\376\377\0002\0000\0002\0002\000:\000C\000a\000r\000o\000l\000y\000n\000\040\000B\000e\000r\000t\000o\000z\000z\000i\000\040\000a\000n\000d\000\040\000M\000o\000r\000t\000e\000n\000\040\000M\000e\000l\000d\000a\000l\000\040\000a\000n\000d\000\040\000K\000.\000\040\000B\000a\000r\000r\000y\000\040\000S\000h\000a\000r\000p\000l\000e\000s\000s}{}% 310
\BOOKMARK [1][-]{section.122.1}{\376\377\000C\000a\000r\000o\000l\000y\000n\000\040\000B\000e\000r\000t\000o\000z\000z\000i}{chapter.122}% 311
\BOOKMARK [1][-]{section.122.2}{\376\377\000M\000o\000r\000t\000e\000n\000\040\000M\000e\000l\000d\000a\000l}{chapter.122}% 312
\BOOKMARK [1][-]{section.122.3}{\376\377\000K\000.\000\040\000B\000a\000r\000r\000y\000\040\000S\000h\000a\000r\000p\000l\000e\000s\000s}{chapter.122}% 313
\BOOKMARK [0][-]{chapter.123}{\376\377\0002\0000\0002\0003\000:\000M\000o\000u\000n\000g\000i\000\040\000B\000a\000w\000e\000n\000d\000i\000\040\000a\000n\000d\000\040\000L\000o\000u\000i\000s\000\040\000B\000r\000u\000s\000\040\000a\000n\000d\000\040\000A\000l\000e\000k\000s\000e\000y\000\040\000Y\000e\000k\000i\000m\000o\000v\000\040}{}% 314
\BOOKMARK [1][-]{section.123.1}{\376\377\000M\000o\000u\000n\000g\000i\000\040\000B\000a\000w\000e\000n\000d\000i}{chapter.123}% 315
\BOOKMARK [1][-]{section.123.2}{\376\377\000L\000o\000u\000i\000s\000\040\000B\000r\000u\000s}{chapter.123}% 316
\BOOKMARK [1][-]{section.123.3}{\376\377\000A\000l\000e\000k\000s\000e\000y\000\040\000Y\000e\000k\000i\000m\000o\000v\000\040}{chapter.123}% 317
\BOOKMARK [0][-]{chapter.124}{\376\377\0002\0000\0002\0004\000:\000D\000a\000v\000i\000d\000\040\000B\000a\000k\000e\000r\000\040\000a\000n\000d\000\040\000D\000e\000m\000i\000s\000\040\000H\000a\000s\000s\000a\000b\000i\000s\000\040\000a\000n\000d\000\040\000J\000o\000h\000n\000\040\000J\000u\000m\000p\000e\000r}{}% 318
\BOOKMARK [1][-]{section.124.1}{\376\377\000D\000a\000v\000i\000d\000\040\000B\000a\000k\000e\000r}{chapter.124}% 319
\BOOKMARK [1][-]{section.124.2}{\376\377\000D\000e\000m\000i\000s\000\040\000H\000a\000s\000s\000a\000b\000i\000s}{chapter.124}% 320
\BOOKMARK [1][-]{section.124.3}{\376\377\000J\000o\000h\000n\000\040\000J\000u\000m\000p\000e\000r}{chapter.124}% 321
\BOOKMARK [0][-]{chapter.125}{\376\377\0002\0000\0002\0005\000:\000S\000u\000s\000u\000m\000u\000\040\000K\000i\000t\000a\000g\000a\000w\000a\000\040\000a\000n\000d\000\040\000R\000i\000c\000h\000a\000r\000d\000\040\000R\000o\000b\000s\000o\000n\000\040\000a\000n\000d\000\040\000O\000m\000a\000r\000\040\000M\000.\000\040\000Y\000a\000g\000h\000i}{}% 322
\BOOKMARK [1][-]{section.125.1}{\376\377\000S\000u\000s\000u\000m\000u\000\040\000K\000i\000t\000a\000g\000a\000w\000a}{chapter.125}% 323
\BOOKMARK [1][-]{section.125.2}{\376\377\000R\000i\000c\000h\000a\000r\000d\000\040\000R\000o\000b\000s\000o\000n}{chapter.125}% 324
\BOOKMARK [1][-]{section.125.3}{\376\377\000O\000m\000a\000r\000\040\000M\000.\000\040\000Y\000a\000g\000h\000i}{chapter.125}% 325
