This is pdfTeX, Version 3.141592653-2.6-1.40.29 (TeX Live 2026/Homebrew) (preloaded format=pdflatex 2026.3.4)  8 AUG 2026 08:55
entering extended mode
 restricted \write18 enabled.
 %&-line parsing enabled.
**nobel_chemistry.tex
(./nobel_chemistry.tex
LaTeX2e <2025-11-01>
L3 programming layer <2026-01-19>

(/opt/homebrew/Cellar/texlive/20260301/share/texmf-dist/tex/latex/base/book.cls
Document Class: book 2025/01/22 v1.4n Standard LaTeX document class

(/opt/homebrew/Cellar/texlive/20260301/share/texmf-dist/tex/latex/base/bk10.clo
File: bk10.clo 2025/01/22 v1.4n Standard LaTeX file (size option)
)
\c@part=\count275
\c@chapter=\count276
\c@section=\count277
\c@subsection=\count278
\c@subsubsection=\count279
\c@paragraph=\count280
\c@subparagraph=\count281
\c@figure=\count282
\c@table=\count283
\abovecaptionskip=\skip49
\belowcaptionskip=\skip50
\bibindent=\dimen148
)
(/opt/homebrew/Cellar/texlive/20260301/share/texmf-dist/tex/latex/base/inputenc
.sty
Package: inputenc 2024/02/08 v1.3d Input encoding file
\inpenc@prehook=\toks17
\inpenc@posthook=\toks18
)
(/opt/homebrew/Cellar/texlive/20260301/share/texmf-dist/tex/latex/base/fontenc.
sty
Package: fontenc 2025/07/18 v2.1d Standard LaTeX package
)
(/opt/homebrew/Cellar/texlive/20260301/share/texmf-dist/tex/generic/babel/babel
.sty
Package: babel 2026/02/14 v26.3 The multilingual framework for LuaLaTeX, pdfLaT
eX and XeLaTeX
\babel@savecnt=\count284
LaTeX Encoding Info:    Redeclaring text command \ij (encoding OT1) on input li
ne 2078.
LaTeX Encoding Info:    Redeclaring text command \IJ (encoding OT1) on input li
ne 2080.
LaTeX Encoding Info:    Redeclaring text command \ij (encoding T1) on input lin
e 2082.
LaTeX Encoding Info:    Redeclaring text command \IJ (encoding T1) on input lin
e 2083.
LaTeX Encoding Info:    Ignoring declaration for text command \ij (encoding ?) 
on input line 2084.
LaTeX Encoding Info:    Ignoring declaration for text command \IJ (encoding ?) 
on input line 2086.
LaTeX Encoding Info:    Ignoring declaration for text command \SS (encoding ?) 
on input line 2111.
\U@D=\dimen149
\l@unhyphenated=\language91

(/opt/homebrew/Cellar/texlive/20260301/share/texmf-dist/tex/generic/babel/txtba
bel.def)
\bbl@readstream=\read2
\bbl@dirlevel=\count285

(/opt/homebrew/Cellar/texlive/20260301/share/texmf-dist/tex/generic/babel/local
e/en/babel-english.tex)
Package babel Info: Importing font and identification data for english
(babel)             from babel-en.ini. Reported on input line 4330.

(/opt/homebrew/Cellar/texlive/20260301/share/texmf-dist/tex/generic/babel-engli
sh/english.ldf
Language: english 2017/06/06 v3.3r English support from the babel system
Package babel Info: Hyphen rules for 'canadian' set to \l@english
(babel)             (\language0). Reported on input line 102.
Package babel Info: Hyphen rules for 'australian' set to \l@ukenglish
(babel)             (\language22). Reported on input line 105.
Package babel Info: Hyphen rules for 'newzealand' set to \l@ukenglish
(babel)             (\language22). Reported on input line 108.
))
(/opt/homebrew/Cellar/texlive/20260301/share/texmf-dist/tex/latex/hyperref/hype
rref.sty
Package: hyperref 2026-01-29 v7.01p Hypertext links for LaTeX

(/opt/homebrew/Cellar/texlive/20260301/share/texmf-dist/tex/generic/iftex/iftex
.sty
Package: iftex 2024/12/12 v1.0g TeX engine tests
)
(/opt/homebrew/Cellar/texlive/20260301/share/texmf-dist/tex/latex/graphics/keyv
al.sty
Package: keyval 2022/05/29 v1.15 key=value parser (DPC)
\KV@toks@=\toks19
)
(/opt/homebrew/Cellar/texlive/20260301/share/texmf-dist/tex/latex/kvsetkeys/kvs
etkeys.sty
Package: kvsetkeys 2022-10-05 v1.19 Key value parser (HO)
)
(/opt/homebrew/Cellar/texlive/20260301/share/texmf-dist/tex/generic/kvdefinekey
s/kvdefinekeys.sty
Package: kvdefinekeys 2019-12-19 v1.6 Define keys (HO)
)
(/opt/homebrew/Cellar/texlive/20260301/share/texmf-dist/tex/generic/pdfescape/p
dfescape.sty
Package: pdfescape 2019/12/09 v1.15 Implements pdfTeX's escape features (HO)

(/opt/homebrew/Cellar/texlive/20260301/share/texmf-dist/tex/generic/ltxcmds/ltx
cmds.sty
Package: ltxcmds 2023-12-04 v1.26 LaTeX kernel commands for general use (HO)
)
(/opt/homebrew/Cellar/texlive/20260301/share/texmf-dist/tex/generic/pdftexcmds/
pdftexcmds.sty
Package: pdftexcmds 2020-06-27 v0.33 Utility functions of pdfTeX for LuaTeX (HO
)

(/opt/homebrew/Cellar/texlive/20260301/share/texmf-dist/tex/generic/infwarerr/i
nfwarerr.sty
Package: infwarerr 2019/12/03 v1.5 Providing info/warning/error messages (HO)
)
Package pdftexcmds Info: \pdf@primitive is available.
Package pdftexcmds Info: \pdf@ifprimitive is available.
Package pdftexcmds Info: \pdfdraftmode found.
))
(/opt/homebrew/Cellar/texlive/20260301/share/texmf-dist/tex/latex/hycolor/hycol
or.sty
Package: hycolor 2020-01-27 v1.10 Color options for hyperref/bookmark (HO)
)
(/opt/homebrew/Cellar/texlive/20260301/share/texmf-dist/tex/latex/hyperref/name
ref.sty
Package: nameref 2026-01-29 v2.58 Cross-referencing by name of section

(/opt/homebrew/Cellar/texlive/20260301/share/texmf-dist/tex/latex/refcount/refc
ount.sty
Package: refcount 2019/12/15 v3.6 Data extraction from label references (HO)
)
(/opt/homebrew/Cellar/texlive/20260301/share/texmf-dist/tex/generic/gettitlestr
ing/gettitlestring.sty
Package: gettitlestring 2019/12/15 v1.6 Cleanup title references (HO)

(/opt/homebrew/Cellar/texlive/20260301/share/texmf-dist/tex/latex/kvoptions/kvo
ptions.sty
Package: kvoptions 2022-06-15 v3.15 Key value format for package options (HO)
))
\c@section@level=\count286
)
(/opt/homebrew/Cellar/texlive/20260301/share/texmf-dist/tex/latex/etoolbox/etoo
lbox.sty
Package: etoolbox 2025/10/02 v2.5m e-TeX tools for LaTeX (JAW)
\etb@tempcnta=\count287
)
(/opt/homebrew/Cellar/texlive/20260301/share/texmf-dist/tex/generic/stringenc/s
tringenc.sty
Package: stringenc 2019/11/29 v1.12 Convert strings between diff. encodings (HO
)
)
\@linkdim=\dimen150
\Hy@linkcounter=\count288
\Hy@pagecounter=\count289

(/opt/homebrew/Cellar/texlive/20260301/share/texmf-dist/tex/latex/hyperref/pd1e
nc.def
File: pd1enc.def 2026-01-29 v7.01p Hyperref: PDFDocEncoding definition (HO)
Now handling font encoding PD1 ...
... no UTF-8 mapping file for font encoding PD1
)
(/opt/homebrew/Cellar/texlive/20260301/share/texmf-dist/tex/generic/intcalc/int
calc.sty
Package: intcalc 2019/12/15 v1.3 Expandable calculations with integers (HO)
)
\Hy@SavedSpaceFactor=\count290

(/opt/homebrew/Cellar/texlive/20260301/share/texmf-dist/tex/latex/hyperref/puen
c.def
File: puenc.def 2026-01-29 v7.01p Hyperref: PDF Unicode definition (HO)
Now handling font encoding PU ...
... no UTF-8 mapping file for font encoding PU
)
Package hyperref Info: Hyper figures OFF on input line 4201.
Package hyperref Info: Link nesting OFF on input line 4206.
Package hyperref Info: Hyper index ON on input line 4209.
Package hyperref Info: Plain pages OFF on input line 4216.
Package hyperref Info: Backreferencing OFF on input line 4221.
Package hyperref Info: Implicit mode ON; LaTeX internals redefined.
Package hyperref Info: Bookmarks ON on input line 4468.
\c@Hy@tempcnt=\count291

(/opt/homebrew/Cellar/texlive/20260301/share/texmf-dist/tex/latex/url/url.sty
\Urlmuskip=\muskip17
Package: url 2013/09/16  ver 3.4  Verb mode for urls, etc.
)
LaTeX Info: Redefining \url on input line 4807.
\XeTeXLinkMargin=\dimen151

(/opt/homebrew/Cellar/texlive/20260301/share/texmf-dist/tex/generic/bitset/bits
et.sty
Package: bitset 2019/12/09 v1.3 Handle bit-vector datatype (HO)

(/opt/homebrew/Cellar/texlive/20260301/share/texmf-dist/tex/generic/bigintcalc/
bigintcalc.sty
Package: bigintcalc 2019/12/15 v1.5 Expandable calculations on big integers (HO
)
))
\Fld@menulength=\count292
\Field@Width=\dimen152
\Fld@charsize=\dimen153
Package hyperref Info: Hyper figures OFF on input line 6084.
Package hyperref Info: Link nesting OFF on input line 6089.
Package hyperref Info: Hyper index ON on input line 6092.
Package hyperref Info: backreferencing OFF on input line 6099.
Package hyperref Info: Link coloring OFF on input line 6104.
Package hyperref Info: Link coloring with OCG OFF on input line 6109.
Package hyperref Info: PDF/A mode OFF on input line 6114.
\Hy@abspage=\count293
\c@Item=\count294
\c@Hfootnote=\count295
)
Package hyperref Info: Driver (autodetected): hpdftex.

(/opt/homebrew/Cellar/texlive/20260301/share/texmf-dist/tex/latex/hyperref/hpdf
tex.def
File: hpdftex.def 2026-01-29 v7.01p Hyperref driver for pdfTeX
\Fld@listcount=\count296
\c@bookmark@seq@number=\count297

(/opt/homebrew/Cellar/texlive/20260301/share/texmf-dist/tex/latex/rerunfilechec
k/rerunfilecheck.sty
Package: rerunfilecheck 2025-06-21 v1.11 Rerun checks for auxiliary files (HO)

(/opt/homebrew/Cellar/texlive/20260301/share/texmf-dist/tex/generic/uniquecount
er/uniquecounter.sty
Package: uniquecounter 2019/12/15 v1.4 Provide unlimited unique counter (HO)
)
Package uniquecounter Info: New unique counter `rerunfilecheck' on input line 2
84.
)
\Hy@SectionHShift=\skip51
)
(/opt/homebrew/Cellar/texlive/20260301/share/texmf-dist/tex/latex/geometry/geom
etry.sty
Package: geometry 2020/01/02 v5.9 Page Geometry

(/opt/homebrew/Cellar/texlive/20260301/share/texmf-dist/tex/generic/iftex/ifvte
x.sty
Package: ifvtex 2019/10/25 v1.7 ifvtex legacy package. Use iftex instead.
)
\Gm@cnth=\count298
\Gm@cntv=\count299
\c@Gm@tempcnt=\count300
\Gm@bindingoffset=\dimen154
\Gm@wd@mp=\dimen155
\Gm@odd@mp=\dimen156
\Gm@even@mp=\dimen157
\Gm@layoutwidth=\dimen158
\Gm@layoutheight=\dimen159
\Gm@layouthoffset=\dimen160
\Gm@layoutvoffset=\dimen161
\Gm@dimlist=\toks20
)
(/opt/homebrew/Cellar/texlive/20260301/share/texmf-dist/tex/latex/l3backend/l3b
ackend-pdftex.def
File: l3backend-pdftex.def 2025-10-09 L3 backend support: PDF output (pdfTeX)
\l__color_backend_stack_int=\count301
) (./nobel_chemistry.aux (./chapters/chapter_1901.aux)
(./chapters/chapter_1902.aux) (./chapters/chapter_1903.aux)
(./chapters/chapter_1904.aux) (./chapters/chapter_1905.aux)
(./chapters/chapter_1906.aux) (./chapters/chapter_1907.aux)
(./chapters/chapter_1908.aux) (./chapters/chapter_1909.aux)
(./chapters/chapter_1910.aux) (./chapters/chapter_1911.aux)
(./chapters/chapter_1912.aux) (./chapters/chapter_1913.aux)
(./chapters/chapter_1914.aux) (./chapters/chapter_1915.aux)
(./chapters/chapter_1916.aux) (./chapters/chapter_1917.aux)
(./chapters/chapter_1918.aux) (./chapters/chapter_1919.aux)
(./chapters/chapter_1920.aux) (./chapters/chapter_1921.aux)
(./chapters/chapter_1922.aux) (./chapters/chapter_1923.aux)
(./chapters/chapter_1924.aux) (./chapters/chapter_1925.aux)
(./chapters/chapter_1926.aux) (./chapters/chapter_1927.aux)
(./chapters/chapter_1928.aux) (./chapters/chapter_1929.aux)
(./chapters/chapter_1930.aux) (./chapters/chapter_1931.aux)
(./chapters/chapter_1932.aux) (./chapters/chapter_1933.aux)
(./chapters/chapter_1934.aux) (./chapters/chapter_1935.aux)
(./chapters/chapter_1936.aux) (./chapters/chapter_1937.aux)
(./chapters/chapter_1938.aux) (./chapters/chapter_1939.aux)
(./chapters/chapter_1940.aux) (./chapters/chapter_1941.aux)
(./chapters/chapter_1942.aux) (./chapters/chapter_1943.aux)
(./chapters/chapter_1944.aux) (./chapters/chapter_1945.aux)
(./chapters/chapter_1946.aux) (./chapters/chapter_1947.aux)
(./chapters/chapter_1948.aux) (./chapters/chapter_1949.aux)
(./chapters/chapter_1950.aux) (./chapters/chapter_1951.aux)
(./chapters/chapter_1952.aux) (./chapters/chapter_1953.aux)
(./chapters/chapter_1954.aux) (./chapters/chapter_1955.aux)
(./chapters/chapter_1956.aux) (./chapters/chapter_1957.aux)
(./chapters/chapter_1958.aux) (./chapters/chapter_1959.aux)
(./chapters/chapter_1960.aux) (./chapters/chapter_1961.aux)
(./chapters/chapter_1962.aux) (./chapters/chapter_1963.aux)
(./chapters/chapter_1964.aux) (./chapters/chapter_1965.aux)
(./chapters/chapter_1966.aux) (./chapters/chapter_1967.aux)
(./chapters/chapter_1968.aux) (./chapters/chapter_1969.aux)
(./chapters/chapter_1970.aux) (./chapters/chapter_1971.aux)
(./chapters/chapter_1972.aux) (./chapters/chapter_1973.aux)
(./chapters/chapter_1974.aux) (./chapters/chapter_1975.aux)
(./chapters/chapter_1976.aux) (./chapters/chapter_1977.aux)
(./chapters/chapter_1978.aux) (./chapters/chapter_1979.aux)
(./chapters/chapter_1980.aux) (./chapters/chapter_1981.aux)
(./chapters/chapter_1982.aux) (./chapters/chapter_1983.aux)
(./chapters/chapter_1984.aux) (./chapters/chapter_1985.aux)
(./chapters/chapter_1986.aux) (./chapters/chapter_1987.aux)
(./chapters/chapter_1988.aux) (./chapters/chapter_1989.aux)
(./chapters/chapter_1990.aux) (./chapters/chapter_1991.aux)
(./chapters/chapter_1992.aux) (./chapters/chapter_1993.aux)
(./chapters/chapter_1994.aux) (./chapters/chapter_1995.aux)
(./chapters/chapter_1996.aux) (./chapters/chapter_1997.aux)
(./chapters/chapter_1998.aux) (./chapters/chapter_1999.aux)
(./chapters/chapter_2000.aux) (./chapters/chapter_2001.aux)
(./chapters/chapter_2002.aux) (./chapters/chapter_2003.aux)
(./chapters/chapter_2004.aux) (./chapters/chapter_2005.aux)
(./chapters/chapter_2006.aux) (./chapters/chapter_2007.aux)
(./chapters/chapter_2008.aux) (./chapters/chapter_2009.aux)
(./chapters/chapter_2010.aux) (./chapters/chapter_2011.aux)
(./chapters/chapter_2012.aux) (./chapters/chapter_2013.aux)
(./chapters/chapter_2014.aux) (./chapters/chapter_2015.aux)
(./chapters/chapter_2016.aux) (./chapters/chapter_2017.aux)
(./chapters/chapter_2018.aux) (./chapters/chapter_2019.aux)
(./chapters/chapter_2020.aux) (./chapters/chapter_2021.aux)
(./chapters/chapter_2022.aux) (./chapters/chapter_2023.aux)
(./chapters/chapter_2024.aux) (./chapters/chapter_2025.aux))
\openout1 = `nobel_chemistry.aux'.

LaTeX Font Info:    Checking defaults for OML/cmm/m/it on input line 13.
LaTeX Font Info:    ... okay on input line 13.
LaTeX Font Info:    Checking defaults for OMS/cmsy/m/n on input line 13.
LaTeX Font Info:    ... okay on input line 13.
LaTeX Font Info:    Checking defaults for OT1/cmr/m/n on input line 13.
LaTeX Font Info:    ... okay on input line 13.
LaTeX Font Info:    Checking defaults for T1/cmr/m/n on input line 13.
LaTeX Font Info:    ... okay on input line 13.
LaTeX Font Info:    Checking defaults for TS1/cmr/m/n on input line 13.
LaTeX Font Info:    ... okay on input line 13.
LaTeX Font Info:    Checking defaults for OMX/cmex/m/n on input line 13.
LaTeX Font Info:    ... okay on input line 13.
LaTeX Font Info:    Checking defaults for U/cmr/m/n on input line 13.
LaTeX Font Info:    ... okay on input line 13.
LaTeX Font Info:    Checking defaults for PD1/pdf/m/n on input line 13.
LaTeX Font Info:    ... okay on input line 13.
LaTeX Font Info:    Checking defaults for PU/pdf/m/n on input line 13.
LaTeX Font Info:    ... okay on input line 13.
Package hyperref Info: Link coloring OFF on input line 13.

(./nobel_chemistry.out) (./nobel_chemistry.out)
\@outlinefile=\write3
\openout3 = `nobel_chemistry.out'.


*geometry* driver: auto-detecting
*geometry* detected driver: pdftex
*geometry* verbose mode - [ preamble ] result:
* driver: pdftex
* paper: <default>
* layout: <same size as paper>
* layoutoffset:(h,v)=(0.0pt,0.0pt)
* modes: twoside 
* h-part:(L,W,R)=(72.26999pt, 469.75502pt, 72.26999pt)
* v-part:(T,H,B)=(72.26999pt, 650.43001pt, 72.26999pt)
* \paperwidth=614.295pt
* \paperheight=794.96999pt
* \textwidth=469.75502pt
* \textheight=650.43001pt
* \oddsidemargin=0.0pt
* \evensidemargin=0.0pt
* \topmargin=-30.06749pt
* \headheight=12.0pt
* \headsep=18.06749pt
* \topskip=10.0pt
* \footskip=25.29494pt
* \marginparwidth=125.0pt
* \marginparsep=7.0pt
* \columnsep=10.0pt
* \skip\footins=9.0pt plus 4.0pt minus 2.0pt
* \hoffset=0.0pt
* \voffset=0.0pt
* \mag=1000
* \@twocolumnfalse
* \@twosidetrue
* \@mparswitchtrue
* \@reversemarginfalse
* (1in=72.27pt=25.4mm, 1cm=28.453pt)

LaTeX Font Info:    External font `cmex10' loaded for size
(Font)              <12> on input line 16.
LaTeX Font Info:    External font `cmex10' loaded for size
(Font)              <8> on input line 16.
LaTeX Font Info:    External font `cmex10' loaded for size
(Font)              <6> on input line 16.
[1


{/opt/homebrew/Cellar/texlive/20260301/share/texmf-dist/fonts/map/pdftex/updmap
/pdftex.map}{/opt/homebrew/Cellar/texlive/20260301/share/texmf-dist/fonts/enc/d
vips/cm-super/cm-super-t1.enc}] [2

] (./nobel_chemistry.toc
LaTeX Font Info:    External font `cmex10' loaded for size
(Font)              <7> on input line 3.
LaTeX Font Info:    External font `cmex10' loaded for size
(Font)              <5> on input line 3.
 [3] [4] [5]
[6] [7] [8]
Overfull \hbox (2.24945pt too wide) detected at line 233
\T1/cmr/bx/n/10 100 
 []


Overfull \hbox (2.24945pt too wide) detected at line 237
\T1/cmr/bx/n/10 101 
 []


Overfull \hbox (2.24945pt too wide) detected at line 241
\T1/cmr/bx/n/10 102 
 []


Overfull \hbox (2.24945pt too wide) detected at line 245
\T1/cmr/bx/n/10 103 
 []


Overfull \hbox (2.24945pt too wide) detected at line 248
\T1/cmr/bx/n/10 104 
 []


Overfull \hbox (2.24945pt too wide) detected at line 252
\T1/cmr/bx/n/10 105 
 []


Overfull \hbox (2.24945pt too wide) detected at line 256
\T1/cmr/bx/n/10 106 
 []


Overfull \hbox (2.24945pt too wide) detected at line 258
\T1/cmr/bx/n/10 107 
 []


Overfull \hbox (2.24945pt too wide) detected at line 260
\T1/cmr/bx/n/10 108 
 []


Overfull \hbox (2.24945pt too wide) detected at line 264
\T1/cmr/bx/n/10 109 
 []


Overfull \hbox (2.24945pt too wide) detected at line 268
\T1/cmr/bx/n/10 110 
 []


Overfull \hbox (2.24945pt too wide) detected at line 272
\T1/cmr/bx/n/10 111 
 []

[9]
Overfull \hbox (2.24945pt too wide) detected at line 274
\T1/cmr/bx/n/10 112 
 []


Overfull \hbox (2.24945pt too wide) detected at line 277
\T1/cmr/bx/n/10 113 
 []


Overfull \hbox (2.24945pt too wide) detected at line 281
\T1/cmr/bx/n/10 114 
 []


Overfull \hbox (2.24945pt too wide) detected at line 285
\T1/cmr/bx/n/10 115 
 []


Overfull \hbox (2.24945pt too wide) detected at line 289
\T1/cmr/bx/n/10 116 
 []


Overfull \hbox (2.24945pt too wide) detected at line 293
\T1/cmr/bx/n/10 117 
 []


Overfull \hbox (2.24945pt too wide) detected at line 297
\T1/cmr/bx/n/10 118 
 []


Overfull \hbox (2.24945pt too wide) detected at line 301
\T1/cmr/bx/n/10 119 
 []


Overfull \hbox (2.24945pt too wide) detected at line 305
\T1/cmr/bx/n/10 120 
 []


Overfull \hbox (2.24945pt too wide) detected at line 308
\T1/cmr/bx/n/10 121 
 []


Overfull \hbox (2.24945pt too wide) detected at line 311
\T1/cmr/bx/n/10 122 
 []


Overfull \hbox (2.24945pt too wide) detected at line 315
\T1/cmr/bx/n/10 123 
 []

[10]
Overfull \hbox (2.24945pt too wide) detected at line 319
\T1/cmr/bx/n/10 124 
 []


Overfull \hbox (2.24945pt too wide) detected at line 323
\T1/cmr/bx/n/10 125 
 []

)
\tf@toc=\write4
\openout4 = `nobel_chemistry.toc'.

 [11] [12

] [13]
\openout2 = `chapters/chapter_1901.aux'.

 (./chapters/chapter_1901.tex [14


]
Chapter 1.
[15] [16]) [17

]
\openout2 = `chapters/chapter_1902.aux'.

 (./chapters/chapter_1902.tex [18




]
Chapter 2.
[19] [20]) [21

]
\openout2 = `chapters/chapter_1903.aux'.

 (./chapters/chapter_1903.tex [22




]
Chapter 3.
[23] [24]) [25

]
\openout2 = `chapters/chapter_1904.aux'.

 (./chapters/chapter_1904.tex [26




]
Chapter 4.
[27] [28]) [29

]
\openout2 = `chapters/chapter_1905.aux'.

 (./chapters/chapter_1905.tex [30




]
Chapter 5.
[31] [32]) [33

]
\openout2 = `chapters/chapter_1906.aux'.

 (./chapters/chapter_1906.tex [34




]
Chapter 6.
[35] [36]) [37

]
\openout2 = `chapters/chapter_1907.aux'.

 (./chapters/chapter_1907.tex [38




]
Chapter 7.
[39] [40]) [41

]
\openout2 = `chapters/chapter_1908.aux'.

 (./chapters/chapter_1908.tex [42




]
Chapter 8.
[43] [44]) [45

]
\openout2 = `chapters/chapter_1909.aux'.

 (./chapters/chapter_1909.tex [46




]
Chapter 9.
[47] [48]) [49

]
\openout2 = `chapters/chapter_1910.aux'.

 (./chapters/chapter_1910.tex [50




]
Chapter 10.
[51] [52]) [53

]
\openout2 = `chapters/chapter_1911.aux'.

 (./chapters/chapter_1911.tex [54




]
Chapter 11.
[55] [56]) [57

]
\openout2 = `chapters/chapter_1912.aux'.

 (./chapters/chapter_1912.tex [58




]
Chapter 12.
[59] [60] [61

]) [62

]
\openout2 = `chapters/chapter_1913.aux'.

 (./chapters/chapter_1913.tex
Chapter 13.
[63




] [64]) [65

]
\openout2 = `chapters/chapter_1914.aux'.

 (./chapters/chapter_1914.tex [66




]
Chapter 14.
[67] [68]) [69

]
\openout2 = `chapters/chapter_1915.aux'.

 (./chapters/chapter_1915.tex [70




]
Chapter 15.
[71] [72]) [73

]
\openout2 = `chapters/chapter_1916.aux'.

 (./chapters/chapter_1916.tex [74




]
Chapter 16.
) [75]
\openout2 = `chapters/chapter_1917.aux'.

 (./chapters/chapter_1917.tex [76




]
Chapter 17.
) [77]
\openout2 = `chapters/chapter_1918.aux'.

 (./chapters/chapter_1918.tex [78




]
Chapter 18.
[79] [80]) [81

]
\openout2 = `chapters/chapter_1919.aux'.

 (./chapters/chapter_1919.tex [82




]
Chapter 19.
) [83]
\openout2 = `chapters/chapter_1920.aux'.

 (./chapters/chapter_1920.tex [84




]
Chapter 20.

Overfull \hbox (2.7546pt too wide) in paragraph at lines 18--19
\T1/cmr/m/n/10 Nernst was pro-fes-sor of phys-i-cal chem-istry at Göt-tin-gen a
nd later in Berlin, where he di-rected the Physikalisch-
 []

[85] [86]) [87

]
\openout2 = `chapters/chapter_1921.aux'.

 (./chapters/chapter_1921.tex [88




]
Chapter 21.
[89] [90]) [91

]
\openout2 = `chapters/chapter_1922.aux'.

 (./chapters/chapter_1922.tex [92




]
Chapter 22.
[93] [94]) [95

]
\openout2 = `chapters/chapter_1923.aux'.

 (./chapters/chapter_1923.tex [96




]
Chapter 23.
[97] [98]) [99

]
\openout2 = `chapters/chapter_1924.aux'.

 (./chapters/chapter_1924.tex [100




]
Chapter 24.
) [101]
\openout2 = `chapters/chapter_1925.aux'.

 (./chapters/chapter_1925.tex [102




]
Chapter 25.
[103] [104]) [105

]
\openout2 = `chapters/chapter_1926.aux'.

 (./chapters/chapter_1926.tex [106




]
Chapter 26.
[107] [108{/opt/homebrew/Cellar/texlive/20260301/share/texmf-dist/fonts/enc/dvi
ps/cm-super/cm-super-ts1.enc}]) [109

]
\openout2 = `chapters/chapter_1927.aux'.

 (./chapters/chapter_1927.tex [110




]
Chapter 27.
[111] [112]) [113

]
\openout2 = `chapters/chapter_1928.aux'.

 (./chapters/chapter_1928.tex [114




]
Chapter 28.
[115] [116]) [117

]
\openout2 = `chapters/chapter_1929.aux'.

 (./chapters/chapter_1929.tex [118




]
Chapter 29.
[119] [120] [121

] [122]) [123

]
\openout2 = `chapters/chapter_1930.aux'.

 (./chapters/chapter_1930.tex [124




]
Chapter 30.
[125] [126]) [127

]
\openout2 = `chapters/chapter_1931.aux'.

 (./chapters/chapter_1931.tex [128




]
Chapter 31.
[129] [130] [131

]) [132

]
\openout2 = `chapters/chapter_1932.aux'.

 (./chapters/chapter_1932.tex
Chapter 32.
[133




] [134]) [135

]
\openout2 = `chapters/chapter_1933.aux'.

 (./chapters/chapter_1933.tex [136




]
Chapter 33.
) [137]
\openout2 = `chapters/chapter_1934.aux'.

 (./chapters/chapter_1934.tex [138




]
Chapter 34.
[139] [140]) [141

]
\openout2 = `chapters/chapter_1935.aux'.

 (./chapters/chapter_1935.tex [142




]
Chapter 35.
[143] [144] [145

] [146]) [147

]
\openout2 = `chapters/chapter_1936.aux'.

 (./chapters/chapter_1936.tex [148




]
Chapter 36.
[149] [150]) [151

]
\openout2 = `chapters/chapter_1937.aux'.

 (./chapters/chapter_1937.tex [152




]
Chapter 37.
[153] [154] [155

]) [156

]
\openout2 = `chapters/chapter_1938.aux'.

 (./chapters/chapter_1938.tex
Chapter 38.
[157




] [158]) [159

]
\openout2 = `chapters/chapter_1939.aux'.

 (./chapters/chapter_1939.tex [160




]
Chapter 39.
[161] [162] [163

] [164]) [165

]
\openout2 = `chapters/chapter_1940.aux'.

 (./chapters/chapter_1940.tex [166




]
Chapter 40.
) [167]
\openout2 = `chapters/chapter_1941.aux'.

 (./chapters/chapter_1941.tex [168




]
Chapter 41.
) [169]
\openout2 = `chapters/chapter_1942.aux'.

 (./chapters/chapter_1942.tex [170




]
Chapter 42.
) [171]
\openout2 = `chapters/chapter_1943.aux'.

 (./chapters/chapter_1943.tex [172




]
Chapter 43.
[173] [174]) [175

]
\openout2 = `chapters/chapter_1944.aux'.

 (./chapters/chapter_1944.tex [176




]
Chapter 44.
[177] [178]) [179

]
\openout2 = `chapters/chapter_1945.aux'.

 (./chapters/chapter_1945.tex [180




]
Chapter 45.
[181] [182]) [183

]
\openout2 = `chapters/chapter_1946.aux'.

 (./chapters/chapter_1946.tex [184




]
Chapter 46.
[185]
Overfull \hbox (2.39052pt too wide) has occurred while \output is active
\T1/cmr/m/n/10 186 \T1/cmr/m/sl/10 CHAPTER 46.  1946:JAMES B. SUMNER AND JOHN H
. NORTHROP AND WENDELL M. STANLEY
 []

[186] [187

]
Overfull \hbox (2.39052pt too wide) has occurred while \output is active
\T1/cmr/m/n/10 188 \T1/cmr/m/sl/10 CHAPTER 46.  1946:JAMES B. SUMNER AND JOHN H
. NORTHROP AND WENDELL M. STANLEY
 []

[188

]) [189

]
\openout2 = `chapters/chapter_1947.aux'.

 (./chapters/chapter_1947.tex
Overfull \hbox (2.39052pt too wide) has occurred while \output is active
\T1/cmr/m/n/10 190 \T1/cmr/m/sl/10 CHAPTER 46.  1946:JAMES B. SUMNER AND JOHN H
. NORTHROP AND WENDELL M. STANLEY
 []

[190




]
Chapter 47.
[191] [192]) [193

]
\openout2 = `chapters/chapter_1948.aux'.

 (./chapters/chapter_1948.tex [194




]
Chapter 48.
[195] [196]) [197

]
\openout2 = `chapters/chapter_1949.aux'.

 (./chapters/chapter_1949.tex [198




]
Chapter 49.
[199] [200]) [201

]
\openout2 = `chapters/chapter_1950.aux'.

 (./chapters/chapter_1950.tex [202




]
Chapter 50.
[203] [204] [205

]) [206

]
\openout2 = `chapters/chapter_1951.aux'.

 (./chapters/chapter_1951.tex
Chapter 51.
[207




] [208] [209

]) [210

]
\openout2 = `chapters/chapter_1952.aux'.

 (./chapters/chapter_1952.tex
Chapter 52.
[211




] [212] [213

]) [214

]
\openout2 = `chapters/chapter_1953.aux'.

 (./chapters/chapter_1953.tex
Chapter 53.
[215




]
Overfull \hbox (7.76726pt too wide) in paragraph at lines 41--42
\T1/cmr/m/n/10 Staudinger's con-cept of macro-molecules, show-ing that poly-mer
s are long chains of co-va-lently bonded monomers,
 []

[216]) [217

]
\openout2 = `chapters/chapter_1954.aux'.

 (./chapters/chapter_1954.tex [218




]
Chapter 54.
[219] [220]) [221

]
\openout2 = `chapters/chapter_1955.aux'.

 (./chapters/chapter_1955.tex [222




]
Chapter 55.
[223] [224]) [225

]
\openout2 = `chapters/chapter_1956.aux'.

 (./chapters/chapter_1956.tex [226




]
Chapter 56.
[227] [228] [229

]) [230

]
\openout2 = `chapters/chapter_1957.aux'.

 (./chapters/chapter_1957.tex
Chapter 57.
[231




] [232]) [233

]
\openout2 = `chapters/chapter_1958.aux'.

 (./chapters/chapter_1958.tex [234




]
Chapter 58.
[235] [236]) [237

]
\openout2 = `chapters/chapter_1959.aux'.

 (./chapters/chapter_1959.tex [238




]
Chapter 59.
[239] [240]) [241

]
\openout2 = `chapters/chapter_1960.aux'.

 (./chapters/chapter_1960.tex [242




]
Chapter 60.
[243] [244]) [245

]
\openout2 = `chapters/chapter_1961.aux'.

 (./chapters/chapter_1961.tex [246




]
Chapter 61.
[247] [248]) [249

]
\openout2 = `chapters/chapter_1962.aux'.

 (./chapters/chapter_1962.tex [250




]
Chapter 62.
[251] [252] [253

]) [254

]
\openout2 = `chapters/chapter_1963.aux'.

 (./chapters/chapter_1963.tex
Chapter 63.
[255




] [256] [257

]) [258

]
\openout2 = `chapters/chapter_1964.aux'.

 (./chapters/chapter_1964.tex
Chapter 64.
[259




] [260]) [261

]
\openout2 = `chapters/chapter_1965.aux'.

 (./chapters/chapter_1965.tex [262




]
Chapter 65.
[263] [264]) [265

]
\openout2 = `chapters/chapter_1966.aux'.

 (./chapters/chapter_1966.tex [266




]
Chapter 66.
[267] [268]) [269

]
\openout2 = `chapters/chapter_1967.aux'.

 (./chapters/chapter_1967.tex [270




]
Chapter 67.
[271] [272] [273

] [274

]) [275

]
\openout2 = `chapters/chapter_1968.aux'.

 (./chapters/chapter_1968.tex [276




]
Chapter 68.
[277] [278]) [279

]
\openout2 = `chapters/chapter_1969.aux'.

 (./chapters/chapter_1969.tex [280




]
Chapter 69.
[281] [282] [283

]) [284

]
\openout2 = `chapters/chapter_1970.aux'.

 (./chapters/chapter_1970.tex
Chapter 70.
[285




] [286]) [287

]
\openout2 = `chapters/chapter_1971.aux'.

 (./chapters/chapter_1971.tex [288




]
Chapter 71.
[289] [290]) [291

]
\openout2 = `chapters/chapter_1972.aux'.

 (./chapters/chapter_1972.tex [292




]
Chapter 72.
[293] [294] [295

] [296

]) [297

]
\openout2 = `chapters/chapter_1973.aux'.

 (./chapters/chapter_1973.tex [298




]
Chapter 73.

Overfull \hbox (14.9044pt too wide) in paragraph at lines 37--38
\T1/cmr/m/n/10 Metallocenes and re-lated sand-wich com-plexes are now fun-da-me
n-tal build-ing blocks in in-or-ganic and organometal-
 []

[299]
Overfull \hbox (20.06981pt too wide) in paragraph at lines 41--42
\T1/cmr/m/n/10 Fischer's syn-the-sis of co-or-di-na-tion com-pounds and his un-
der-stand-ing of metal-carbon bonds founded organometal-
 []


Overfull \hbox (5.81404pt too wide) in paragraph at lines 41--42
\T1/cmr/m/n/10 lic chem-istry. The fer-rocene sand-wich com-pounds he and oth-e
rs ex-plored be-came a cor-ner-stone of organometal-
 []

[300]
Overfull \hbox (35.15312pt too wide) in paragraph at lines 63--64
[]\T1/cmr/m/n/10 Working with col-lab-o-ra-tors at Har-vard, Wilkin-son rec-og-
nized that fer-rocene, then called iron bis-cyclopentadienyl,
 []

[301

]) [302

]
\openout2 = `chapters/chapter_1974.aux'.

 (./chapters/chapter_1974.tex
Chapter 74.
[303




] [304]) [305

]
\openout2 = `chapters/chapter_1975.aux'.

 (./chapters/chapter_1975.tex [306




]
Chapter 75.
[307] [308] [309

]) [310

]
\openout2 = `chapters/chapter_1976.aux'.

 (./chapters/chapter_1976.tex
Chapter 76.
[311




] [312]) [313

]
\openout2 = `chapters/chapter_1977.aux'.

 (./chapters/chapter_1977.tex [314




]
Chapter 77.

Overfull \hbox (0.63011pt too wide) in paragraph at lines 41--42
\T1/cmr/m/n/10 Prigogine's the-ory of dis-si-pa-tive struc-tures ex-plained how
 or-der can emerge from chaos in far-from-equilibrium
 []

[315] [316]) [317

]
\openout2 = `chapters/chapter_1978.aux'.

 (./chapters/chapter_1978.tex [318




]
Chapter 78.
[319] [320]) [321

]
\openout2 = `chapters/chapter_1979.aux'.

 (./chapters/chapter_1979.tex [322




]
Chapter 79.
[323] [324] [325

]) [326

]
\openout2 = `chapters/chapter_1980.aux'.

 (./chapters/chapter_1980.tex
Chapter 80.
[327




] [328] [329

] [330

]) [331

]
\openout2 = `chapters/chapter_1981.aux'.

 (./chapters/chapter_1981.tex [332




]
Chapter 81.
[333] [334] [335

]) [336

]
\openout2 = `chapters/chapter_1982.aux'.

 (./chapters/chapter_1982.tex
Chapter 82.
[337




] [338]) [339

]
\openout2 = `chapters/chapter_1983.aux'.

 (./chapters/chapter_1983.tex [340




]
Chapter 83.
[341] [342]) [343

]
\openout2 = `chapters/chapter_1984.aux'.

 (./chapters/chapter_1984.tex [344




]
Chapter 84.
[345] [346]) [347

]
\openout2 = `chapters/chapter_1985.aux'.

 (./chapters/chapter_1985.tex [348




]
Chapter 85.
[349] [350] [351

]) [352

]
\openout2 = `chapters/chapter_1986.aux'.

 (./chapters/chapter_1986.tex
Chapter 86.
[353




] [354] [355

] [356

]) [357

]
\openout2 = `chapters/chapter_1987.aux'.

 (./chapters/chapter_1987.tex [358




]
Chapter 87.
[359] [360] [361

] [362

]) [363

]
\openout2 = `chapters/chapter_1988.aux'.

 (./chapters/chapter_1988.tex [364




]
Chapter 88.
[365] [366] [367

] [368

]) [369

]
\openout2 = `chapters/chapter_1989.aux'.

 (./chapters/chapter_1989.tex [370




]
Chapter 89.
[371] [372] [373

]) [374

]
\openout2 = `chapters/chapter_1990.aux'.

 (./chapters/chapter_1990.tex
Chapter 90.
[375




] [376]) [377

]
\openout2 = `chapters/chapter_1991.aux'.

 (./chapters/chapter_1991.tex [378




]
Chapter 91.
[379] [380]) [381

]
\openout2 = `chapters/chapter_1992.aux'.

 (./chapters/chapter_1992.tex [382




]
Chapter 92.
[383]
Overfull \hbox (1.46324pt too wide) in paragraph at lines 45--46
\T1/cmr/m/n/10 "On the The-ory of Oxidation-Reduction Re-ac-tions In-volv-ing E
lec-tron Trans-fer" (Jour-nal of Chem-i-cal Physics,
 []

[384]) [385

]
\openout2 = `chapters/chapter_1993.aux'.

 (./chapters/chapter_1993.tex [386




]
Chapter 93.
[387] [388] [389

]) [390

]
\openout2 = `chapters/chapter_1994.aux'.

 (./chapters/chapter_1994.tex
Chapter 94.
[391




] [392]) [393

]
\openout2 = `chapters/chapter_1995.aux'.

 (./chapters/chapter_1995.tex [394




]
Chapter 95.
[395] [396] [397

] [398

]) [399

]
\openout2 = `chapters/chapter_1996.aux'.

 (./chapters/chapter_1996.tex [400




]
Chapter 96.
[401]
Overfull \hbox (9.47102pt too wide) has occurred while \output is active
\T1/cmr/m/n/10 402 \T1/cmr/m/sl/10 CHAPTER 96.  1996:ROBERT F. CURL JR. AND SIR
 HAROLD KROTO AND RICHARD E. SMALLEY
 []

[402] [403

]
Overfull \hbox (9.47102pt too wide) has occurred while \output is active
\T1/cmr/m/n/10 404 \T1/cmr/m/sl/10 CHAPTER 96.  1996:ROBERT F. CURL JR. AND SIR
 HAROLD KROTO AND RICHARD E. SMALLEY
 []

[404

]) [405

]
\openout2 = `chapters/chapter_1997.aux'.

 (./chapters/chapter_1997.tex
Overfull \hbox (9.47102pt too wide) has occurred while \output is active
\T1/cmr/m/n/10 406 \T1/cmr/m/sl/10 CHAPTER 96.  1996:ROBERT F. CURL JR. AND SIR
 HAROLD KROTO AND RICHARD E. SMALLEY
 []

[406




]
Chapter 97.
[407] [408] [409

] [410

]) [411

]
\openout2 = `chapters/chapter_1998.aux'.

 (./chapters/chapter_1998.tex [412




]
Chapter 98.
[413] [414] [415

]) [416

]
\openout2 = `chapters/chapter_1999.aux'.

 (./chapters/chapter_1999.tex
Chapter 99.
[417




] [418]) [419

]
\openout2 = `chapters/chapter_2000.aux'.

 (./chapters/chapter_2000.tex [420




]
Chapter 100.
[421] [422] [423

] [424

]) [425

]
\openout2 = `chapters/chapter_2001.aux'.

 (./chapters/chapter_2001.tex [426




]
Chapter 101.
[427] [428] [429

] [430

]) [431

]
\openout2 = `chapters/chapter_2002.aux'.

 (./chapters/chapter_2002.tex [432




]
Chapter 102.
[433]
Overfull \hbox (8.07274pt too wide) in paragraph at lines 41--42
\T1/cmr/m/n/10 Fenn's de-vel-op-ment of elec-tro-spray ion-iza-tion mass spec-t
rom-e-try made it pos-si-ble to an-a-lyze large biomolecules,
 []

[434] [435

] [436

]) [437

]
\openout2 = `chapters/chapter_2003.aux'.

 (./chapters/chapter_2003.tex [438




]
Chapter 103.
[439] [440] [441

]) [442

]
\openout2 = `chapters/chapter_2004.aux'.

 (./chapters/chapter_2004.tex
Chapter 104.
[443




] [444] [445

] [446

]) [447

]
\openout2 = `chapters/chapter_2005.aux'.

 (./chapters/chapter_2005.tex [448




]
Chapter 105.
[449] [450] [451

] [452

]) [453

]
\openout2 = `chapters/chapter_2006.aux'.

 (./chapters/chapter_2006.tex [454




]
Chapter 106.
[455] [456]) [457

]
\openout2 = `chapters/chapter_2007.aux'.

 (./chapters/chapter_2007.tex [458




]
Chapter 107.
[459] [460]) [461

]
\openout2 = `chapters/chapter_2008.aux'.

 (./chapters/chapter_2008.tex [462




]
Chapter 108.
[463] [464] [465

] [466

]) [467

]
\openout2 = `chapters/chapter_2009.aux'.

 (./chapters/chapter_2009.tex [468




]
Chapter 109.
[469]
Overfull \hbox (45.85213pt too wide) has occurred while \output is active
\T1/cmr/m/n/10 470 \T1/cmr/m/sl/10 CHAPTER 109.  2009:VENKATRAMAN RAMAKRISHNAN 
AND THOMAS A. STEITZ AND ADA E. YONATH
 []

[470] [471

]
Overfull \hbox (45.85213pt too wide) has occurred while \output is active
\T1/cmr/m/n/10 472 \T1/cmr/m/sl/10 CHAPTER 109.  2009:VENKATRAMAN RAMAKRISHNAN 
AND THOMAS A. STEITZ AND ADA E. YONATH
 []

[472

]) [473

]
\openout2 = `chapters/chapter_2010.aux'.

 (./chapters/chapter_2010.tex
Overfull \hbox (45.85213pt too wide) has occurred while \output is active
\T1/cmr/m/n/10 474 \T1/cmr/m/sl/10 CHAPTER 109.  2009:VENKATRAMAN RAMAKRISHNAN 
AND THOMAS A. STEITZ AND ADA E. YONATH
 []

[474




]
Chapter 110.
[475] [476] [477

] [478

]) [479

]
\openout2 = `chapters/chapter_2011.aux'.

 (./chapters/chapter_2011.tex [480




]
Chapter 111.
[481] [482]) [483

]
\openout2 = `chapters/chapter_2012.aux'.

 (./chapters/chapter_2012.tex [484




]
Chapter 112.
[485] [486] [487

]) [488

]
\openout2 = `chapters/chapter_2013.aux'.

 (./chapters/chapter_2013.tex
Chapter 113.
[489




] [490] [491

] [492

]) [493

]
\openout2 = `chapters/chapter_2014.aux'.

 (./chapters/chapter_2014.tex [494




]
Chapter 114.
[495] [496] [497

] [498

]) [499

]
\openout2 = `chapters/chapter_2015.aux'.

 (./chapters/chapter_2015.tex [500




]
Chapter 115.
[501] [502] [503

] [504

]) [505

]
\openout2 = `chapters/chapter_2016.aux'.

 (./chapters/chapter_2016.tex [506




]
Chapter 116.
[507]
Overfull \hbox (59.45882pt too wide) has occurred while \output is active
\T1/cmr/m/n/10 508 \T1/cmr/m/sl/10 CHAPTER 116.  2016:JEAN-PIERRE SAUVAGE AND S
IR J. FRASER STODDART AND BERNARD L. FERINGA
 []

[508] [509

]
Overfull \hbox (59.45882pt too wide) has occurred while \output is active
\T1/cmr/m/n/10 510 \T1/cmr/m/sl/10 CHAPTER 116.  2016:JEAN-PIERRE SAUVAGE AND S
IR J. FRASER STODDART AND BERNARD L. FERINGA
 []

[510

]) [511

]
\openout2 = `chapters/chapter_2017.aux'.

 (./chapters/chapter_2017.tex
Overfull \hbox (59.45882pt too wide) has occurred while \output is active
\T1/cmr/m/n/10 512 \T1/cmr/m/sl/10 CHAPTER 116.  2016:JEAN-PIERRE SAUVAGE AND S
IR J. FRASER STODDART AND BERNARD L. FERINGA
 []

[512




]
Chapter 117.
[513]
Overfull \hbox (8.08357pt too wide) has occurred while \output is active
\T1/cmr/m/n/10 514 \T1/cmr/m/sl/10 CHAPTER 117.  2017:JACQUES DUBOCHET AND JOAC
HIM FRANK AND RICHARD HENDERSON
 []

[514] [515

]
Overfull \hbox (8.08357pt too wide) has occurred while \output is active
\T1/cmr/m/n/10 516 \T1/cmr/m/sl/10 CHAPTER 117.  2017:JACQUES DUBOCHET AND JOAC
HIM FRANK AND RICHARD HENDERSON
 []

[516

])
Overfull \hbox (7.93388pt too wide) in paragraph at lines 127--138
\T1/cmr/m/n/10 The 2017 prize rec-og-nized the de-vel-op-ment of cryo-electron 
mi-croscopy, which de-ter-mines the three-dimensional
 []

[517

]
\openout2 = `chapters/chapter_2018.aux'.

 (./chapters/chapter_2018.tex
Overfull \hbox (8.08357pt too wide) has occurred while \output is active
\T1/cmr/m/n/10 518 \T1/cmr/m/sl/10 CHAPTER 117.  2017:JACQUES DUBOCHET AND JOAC
HIM FRANK AND RICHARD HENDERSON
 []

[518




]
Chapter 118.
[519]
Overfull \hbox (22.8011pt too wide) has occurred while \output is active
\T1/cmr/m/n/10 520 \T1/cmr/m/sl/10 CHAPTER 118.  2018:FRANCES H. ARNOLD AND GEO
RGE P. SMITH AND SIR GREGORY P. WINTER
 []

[520] [521

]
Overfull \hbox (22.8011pt too wide) has occurred while \output is active
\T1/cmr/m/n/10 522 \T1/cmr/m/sl/10 CHAPTER 118.  2018:FRANCES H. ARNOLD AND GEO
RGE P. SMITH AND SIR GREGORY P. WINTER
 []

[522

]) [523

]
\openout2 = `chapters/chapter_2019.aux'.

 (./chapters/chapter_2019.tex
Overfull \hbox (22.8011pt too wide) has occurred while \output is active
\T1/cmr/m/n/10 524 \T1/cmr/m/sl/10 CHAPTER 118.  2018:FRANCES H. ARNOLD AND GEO
RGE P. SMITH AND SIR GREGORY P. WINTER
 []

[524




]
Chapter 119.
[525]
Overfull \hbox (43.0056pt too wide) has occurred while \output is active
\T1/cmr/m/n/10 526 \T1/cmr/m/sl/10 CHAPTER 119.  2019:JOHN B. GOODENOUGH AND M.
 STANLEY WHITTINGHAM AND AKIRA YOSHINO
 []

[526] [527

]
Overfull \hbox (43.0056pt too wide) has occurred while \output is active
\T1/cmr/m/n/10 528 \T1/cmr/m/sl/10 CHAPTER 119.  2019:JOHN B. GOODENOUGH AND M.
 STANLEY WHITTINGHAM AND AKIRA YOSHINO
 []

[528

]) [529

]
\openout2 = `chapters/chapter_2020.aux'.

 (./chapters/chapter_2020.tex
Overfull \hbox (43.0056pt too wide) has occurred while \output is active
\T1/cmr/m/n/10 530 \T1/cmr/m/sl/10 CHAPTER 119.  2019:JOHN B. GOODENOUGH AND M.
 STANLEY WHITTINGHAM AND AKIRA YOSHINO
 []

[530




]
Chapter 120.
[531] [532] [533

]) [534

]
\openout2 = `chapters/chapter_2021.aux'.

 (./chapters/chapter_2021.tex
Chapter 121.
[535




] [536] [537

]) [538

]
\openout2 = `chapters/chapter_2022.aux'.

 (./chapters/chapter_2022.tex
Chapter 122.
[539




]
Overfull \hbox (2.66823pt too wide) has occurred while \output is active
\T1/cmr/m/n/10 540 \T1/cmr/m/sl/10 CHAPTER 122.  2022:CAROLYN BERTOZZI AND MORT
EN MELDAL AND K. BARRY SHARPLESS
 []

[540] [541

]
Overfull \hbox (2.66823pt too wide) has occurred while \output is active
\T1/cmr/m/n/10 542 \T1/cmr/m/sl/10 CHAPTER 122.  2022:CAROLYN BERTOZZI AND MORT
EN MELDAL AND K. BARRY SHARPLESS
 []

[542

]) [543

]
\openout2 = `chapters/chapter_2023.aux'.

 (./chapters/chapter_2023.tex
Overfull \hbox (2.66823pt too wide) has occurred while \output is active
\T1/cmr/m/n/10 544 \T1/cmr/m/sl/10 CHAPTER 122.  2022:CAROLYN BERTOZZI AND MORT
EN MELDAL AND K. BARRY SHARPLESS
 []

[544




]
Chapter 123.
[545] [546] [547

] [548

]) [549

]
\openout2 = `chapters/chapter_2024.aux'.

 (./chapters/chapter_2024.tex [550




]
Chapter 124.
[551] [552] [553

] [554

]) [555

]
\openout2 = `chapters/chapter_2025.aux'.

 (./chapters/chapter_2025.tex [556




]
Chapter 125.
[557] [558] [559

] [560

]) [561

] (./nobel_chemistry.aux
(./chapters/chapter_1901.aux) (./chapters/chapter_1902.aux)
(./chapters/chapter_1903.aux) (./chapters/chapter_1904.aux)
(./chapters/chapter_1905.aux) (./chapters/chapter_1906.aux)
(./chapters/chapter_1907.aux) (./chapters/chapter_1908.aux)
(./chapters/chapter_1909.aux) (./chapters/chapter_1910.aux)
(./chapters/chapter_1911.aux) (./chapters/chapter_1912.aux)
(./chapters/chapter_1913.aux) (./chapters/chapter_1914.aux)
(./chapters/chapter_1915.aux) (./chapters/chapter_1916.aux)
(./chapters/chapter_1917.aux) (./chapters/chapter_1918.aux)
(./chapters/chapter_1919.aux) (./chapters/chapter_1920.aux)
(./chapters/chapter_1921.aux) (./chapters/chapter_1922.aux)
(./chapters/chapter_1923.aux) (./chapters/chapter_1924.aux)
(./chapters/chapter_1925.aux) (./chapters/chapter_1926.aux)
(./chapters/chapter_1927.aux) (./chapters/chapter_1928.aux)
(./chapters/chapter_1929.aux) (./chapters/chapter_1930.aux)
(./chapters/chapter_1931.aux) (./chapters/chapter_1932.aux)
(./chapters/chapter_1933.aux) (./chapters/chapter_1934.aux)
(./chapters/chapter_1935.aux) (./chapters/chapter_1936.aux)
(./chapters/chapter_1937.aux) (./chapters/chapter_1938.aux)
(./chapters/chapter_1939.aux) (./chapters/chapter_1940.aux)
(./chapters/chapter_1941.aux) (./chapters/chapter_1942.aux)
(./chapters/chapter_1943.aux) (./chapters/chapter_1944.aux)
(./chapters/chapter_1945.aux) (./chapters/chapter_1946.aux)
(./chapters/chapter_1947.aux) (./chapters/chapter_1948.aux)
(./chapters/chapter_1949.aux) (./chapters/chapter_1950.aux)
(./chapters/chapter_1951.aux) (./chapters/chapter_1952.aux)
(./chapters/chapter_1953.aux) (./chapters/chapter_1954.aux)
(./chapters/chapter_1955.aux) (./chapters/chapter_1956.aux)
(./chapters/chapter_1957.aux) (./chapters/chapter_1958.aux)
(./chapters/chapter_1959.aux) (./chapters/chapter_1960.aux)
(./chapters/chapter_1961.aux) (./chapters/chapter_1962.aux)
(./chapters/chapter_1963.aux) (./chapters/chapter_1964.aux)
(./chapters/chapter_1965.aux) (./chapters/chapter_1966.aux)
(./chapters/chapter_1967.aux) (./chapters/chapter_1968.aux)
(./chapters/chapter_1969.aux) (./chapters/chapter_1970.aux)
(./chapters/chapter_1971.aux) (./chapters/chapter_1972.aux)
(./chapters/chapter_1973.aux) (./chapters/chapter_1974.aux)
(./chapters/chapter_1975.aux) (./chapters/chapter_1976.aux)
(./chapters/chapter_1977.aux) (./chapters/chapter_1978.aux)
(./chapters/chapter_1979.aux) (./chapters/chapter_1980.aux)
(./chapters/chapter_1981.aux) (./chapters/chapter_1982.aux)
(./chapters/chapter_1983.aux) (./chapters/chapter_1984.aux)
(./chapters/chapter_1985.aux) (./chapters/chapter_1986.aux)
(./chapters/chapter_1987.aux) (./chapters/chapter_1988.aux)
(./chapters/chapter_1989.aux) (./chapters/chapter_1990.aux)
(./chapters/chapter_1991.aux) (./chapters/chapter_1992.aux)
(./chapters/chapter_1993.aux) (./chapters/chapter_1994.aux)
(./chapters/chapter_1995.aux) (./chapters/chapter_1996.aux)
(./chapters/chapter_1997.aux) (./chapters/chapter_1998.aux)
(./chapters/chapter_1999.aux) (./chapters/chapter_2000.aux)
(./chapters/chapter_2001.aux) (./chapters/chapter_2002.aux)
(./chapters/chapter_2003.aux) (./chapters/chapter_2004.aux)
(./chapters/chapter_2005.aux) (./chapters/chapter_2006.aux)
(./chapters/chapter_2007.aux) (./chapters/chapter_2008.aux)
(./chapters/chapter_2009.aux) (./chapters/chapter_2010.aux)
(./chapters/chapter_2011.aux) (./chapters/chapter_2012.aux)
(./chapters/chapter_2013.aux) (./chapters/chapter_2014.aux)
(./chapters/chapter_2015.aux) (./chapters/chapter_2016.aux)
(./chapters/chapter_2017.aux) (./chapters/chapter_2018.aux)
(./chapters/chapter_2019.aux) (./chapters/chapter_2020.aux)
(./chapters/chapter_2021.aux) (./chapters/chapter_2022.aux)
(./chapters/chapter_2023.aux) (./chapters/chapter_2024.aux)
(./chapters/chapter_2025.aux))
 ***********
LaTeX2e <2025-11-01>
L3 programming layer <2026-01-19>
 ***********


LaTeX Warning: Label(s) may have changed. Rerun to get cross-references right.

Package rerunfilecheck Info: File `nobel_chemistry.out' has not changed.
(rerunfilecheck)             Checksum: 7C2EFDF3806A14E8EFD9501CED08CB36;55243.
 ) 
Here is how much of TeX's memory you used:
 15587 strings out of 467525
 297214 string characters out of 5408440
 639314 words of memory out of 5000000
 40932 multiletter control sequences out of 15000+600000
 641160 words of font info for 64 fonts, out of 8000000 for 9000
 1141 hyphenation exceptions out of 8191
 75i,6n,79p,687b,615s stack positions out of 10000i,1000n,20000p,200000b,200000s
</opt/homebrew/Cellar/texlive/20260301/share/texmf-dist/fonts/type1/public/am
sfonts/cm/cmmi10.pfb></opt/homebrew/Cellar/texlive/20260301/share/texmf-dist/fo
nts/type1/public/amsfonts/cm/cmr7.pfb></opt/homebrew/Cellar/texlive/20260301/sh
are/texmf-dist/fonts/type1/public/amsfonts/cm/cmsy10.pfb></opt/homebrew/Cellar/
texlive/20260301/share/texmf-dist/fonts/type1/public/cm-super/sfbx1000.pfb></op
t/homebrew/Cellar/texlive/20260301/share/texmf-dist/fonts/type1/public/cm-super
/sfbx1200.pfb></opt/homebrew/Cellar/texlive/20260301/share/texmf-dist/fonts/typ
e1/public/cm-super/sfbx1440.pfb></opt/homebrew/Cellar/texlive/20260301/share/te
xmf-dist/fonts/type1/public/cm-super/sfbx2074.pfb></opt/homebrew/Cellar/texlive
/20260301/share/texmf-dist/fonts/type1/public/cm-super/sfbx2488.pfb></opt/homeb
rew/Cellar/texlive/20260301/share/texmf-dist/fonts/type1/public/cm-super/sfrm10
00.pfb></opt/homebrew/Cellar/texlive/20260301/share/texmf-dist/fonts/type1/publ
ic/cm-super/sfrm1728.pfb></opt/homebrew/Cellar/texlive/20260301/share/texmf-dis
t/fonts/type1/public/cm-super/sfsl1000.pfb></opt/homebrew/Cellar/texlive/202603
01/share/texmf-dist/fonts/type1/public/cm-super/sfti1000.pfb>
Output written on nobel_chemistry.pdf (561 pages, 917462 bytes).
PDF statistics:
 6369 PDF objects out of 7423 (max. 8388607)
 5722 compressed objects within 58 object streams
 2614 named destinations out of 2984 (max. 500000)
 2601 words of extra memory for PDF output out of 10000 (max. 10000000)

